    Checking rand_core v0.10.1
    Checking futures-task v0.3.34
    Checking serde_core v1.0.229
    Checking tracing v0.1.44
    Checking zerofrom v0.1.8
    Checking subtle v2.6.1
    Checking generic-array v0.14.7
    Checking zerocopy v0.8.56
    Checking getrandom v0.3.4
    Checking form_urlencoded v1.2.2
    Checking inout v0.2.2
    Checking cmov v0.5.4
    Checking httpdate v1.0.3
    Checking getrandom v0.4.3
    Checking cpubits v0.1.1
    Checking futures-util v0.3.34
    Checking yoke v0.8.3
    Checking h2 v0.4.16
    Checking rustls v0.23.43
    Checking rand_core v0.9.5
    Checking ref-cast v1.0.27
    Checking cpufeatures v0.2.17
    Checking dyn-clone v1.0.20
    Checking crypto-common v0.2.2
    Checking ctutils v0.4.2
    Checking uuid v1.24.1
    Checking zerovec v0.11.7
    Checking zerotrie v0.2.5
    Checking keyring-core v1.0.0
    Checking data-encoding v2.11.1
    Checking thiserror v1.0.69
    Checking crypto-common v0.1.7
    Checking block-buffer v0.10.4
    Checking num-traits v0.2.19
    Checking chacha20 v0.10.1
    Checking iana-time-zone v0.1.65
    Checking apple-native-keyring-store v1.0.2
    Checking wait-timeout v0.2.1
    Checking foldhash v0.1.5
    Checking digest v0.10.7
    Checking ryu v1.0.23
    Checking rand v0.10.2
    Checking keyring v4.1.6
    Checking axum-core v0.5.6
    Checking tinystr v0.8.4
    Checking potential_utf v0.1.6
    Checking universal-hash v0.6.1
    Checking cipher v0.5.2
    Checking sha1 v0.10.7
    Checking aead v0.6.1
    Checking icu_collections v2.3.0
    Checking icu_locale_core v2.3.0
    Checking polyval v0.7.3
    Checking digest v0.11.3
    Checking hashbrown v0.15.5
    Checking matchit v0.8.4
    Checking ctr v0.10.1
    Checking aes v0.9.2
    Checking ghash v0.6.0
    Checking sha2 v0.11.0
    Checking libsqlite3-sys v0.35.0
    Checking tower-http v0.7.0
    Checking serde v1.0.229
    Checking serde_json v1.0.151
    Checking serde_path_to_error v0.1.20
    Checking aes-gcm v0.11.0
    Checking fallible-streaming-iterator v0.1.9
    Checking hashlink v0.10.0
    Checking tower v0.5.3
    Checking tokio-socks v0.5.3
    Checking fallible-iterator v0.3.0
    Checking chrono v0.4.45
    Checking serde_urlencoded v0.7.1
    Checking icu_provider v2.3.0
    Checking rusqlite v0.37.0
    Checking icu_normalizer v2.3.0
    Checking icu_properties v2.3.0
    Checking schemars v1.2.2
    Checking ppv-lite86 v0.2.21
    Checking rand_chacha v0.9.0
    Checking rand v0.9.5
    Checking cognia-problem v0.1.0 (/Users/bytedance/Project/cognia-next/crates/cognia-problem)
    Checking cognia-instrument v0.1.0 (/Users/bytedance/Project/cognia-next/crates/cognia-instrument)
    Checking idna_adapter v1.2.2
    Checking tokio-rustls v0.26.4
    Checking rustls-platform-verifier v0.7.0
    Checking idna v1.1.0
    Checking cognia-core v0.1.0 (/Users/bytedance/Project/cognia-next/crates/cognia-core)
    Checking hyper v1.11.0
    Checking tungstenite v0.29.0
    Checking url v2.5.8
    Checking cognia-secrets v0.1.0 (/Users/bytedance/Project/cognia-next/crates/cognia-secrets)
    Checking tokio-tungstenite v0.29.0
    Checking tower-http v0.6.11
    Checking hyper-util v0.1.20
    Checking hyper-rustls v0.27.9
    Checking axum v0.8.9
    Checking reqwest v0.13.4
    Checking cognia-net v0.1.0 (/Users/bytedance/Project/cognia-next/crates/cognia-net)
    Checking cognia-gateway v0.1.0 (/Users/bytedance/Project/cognia-next/crates/cognia-gateway)
    Checking cognia-agent-state v0.1.0 (/Users/bytedance/Project/cognia-next/crates/cognia-agent-state)
    Finished `release` profile [optimized + debuginfo] target(s) in 10.19s
