[       6ms] [INFO] %c[13:57:39] ℹ️ [INFO] [scheduler] Stopping task scheduler... color: #3B82F6 @ http://localhost:3000/_next/static/chunks/01~n_next_dist_04n3ww~._.js:2431
[       7ms] [INFO] %c[13:57:39] ℹ️ [INFO] [scheduler] Task scheduler stopped color: #3B82F6 @ http://localhost:3000/_next/static/chunks/01~n_next_dist_04n3ww~._.js:2431
[       7ms] [INFO] %c[13:57:39] ℹ️ [INFO] [scheduler] [Scheduler] Scheduler system stopped color: #3B82F6 @ http://localhost:3000/_next/static/chunks/01~n_next_dist_04n3ww~._.js:2431
[     125ms] [LOG] [Fast Refresh] rebuilding @ http://localhost:3000/_next/static/chunks/01~n_next_dist_04n3ww~._.js:2431
[    1500ms] [LOG] [Fast Refresh] done in 1477ms @ http://localhost:3000/_next/static/chunks/01~n_next_dist_04n3ww~._.js:2431
[    2825ms] [INFO] %cDownload the React DevTools for a better development experience: https://react.dev/link/react-devtools font-weight:bold @ http://localhost:3000/_next/static/chunks/01~n_next_dist_04n3ww~._.js:2431
[    2871ms] [LOG] [HMR] connected @ http://localhost:3000/_next/static/chunks/01~n_next_dist_04n3ww~._.js:2431
[    3581ms] [LOG] [Fast Refresh] rebuilding @ http://localhost:3000/_next/static/chunks/01~n_next_dist_04n3ww~._.js:2431
[    3753ms] [INFO] %c[13:57:42] ℹ️ [INFO] [scheduler] Registered executor for task type: chat color: #3B82F6 @ http://localhost:3000/_next/static/chunks/01~n_next_dist_04n3ww~._.js:2431
[    3754ms] [INFO] %c[13:57:42] ℹ️ [INFO] [scheduler] Registered executor for task type: agent color: #3B82F6 @ http://localhost:3000/_next/static/chunks/01~n_next_dist_04n3ww~._.js:2431
[    3755ms] [INFO] %c[13:57:42] ℹ️ [INFO] [scheduler] Registered executor for task type: skill color: #3B82F6 @ http://localhost:3000/_next/static/chunks/01~n_next_dist_04n3ww~._.js:2431
[    3756ms] [INFO] %c[13:57:42] ℹ️ [INFO] [scheduler] Registered executor for task type: script color: #3B82F6 @ http://localhost:3000/_next/static/chunks/01~n_next_dist_04n3ww~._.js:2431
[    3756ms] [INFO] %c[13:57:42] ℹ️ [INFO] [scheduler] Registered executor for task type: plugin color: #3B82F6 @ http://localhost:3000/_next/static/chunks/01~n_next_dist_04n3ww~._.js:2431
[    3757ms] [INFO] %c[13:57:42] ℹ️ [INFO] [scheduler] Registered executor for task type: backup color: #3B82F6 @ http://localhost:3000/_next/static/chunks/01~n_next_dist_04n3ww~._.js:2431
[    3757ms] [INFO] %c[13:57:42] ℹ️ [INFO] [scheduler] Registered executor for task type: custom color: #3B82F6 @ http://localhost:3000/_next/static/chunks/01~n_next_dist_04n3ww~._.js:2431
[    3757ms] [INFO] %c[13:57:42] ℹ️ [INFO] [scheduler] Registered executor for task type: external-agent color: #3B82F6 @ http://localhost:3000/_next/static/chunks/01~n_next_dist_04n3ww~._.js:2431
[    3757ms] [INFO] %c[13:57:42] ℹ️ [INFO] [scheduler] Registered executor for task type: twin color: #3B82F6 @ http://localhost:3000/_next/static/chunks/01~n_next_dist_04n3ww~._.js:2431
[    3758ms] [INFO] %c[13:57:42] ℹ️ [INFO] [scheduler] Built-in scheduler executors registered: chat, agent, skill, script, plugin, backup, custom, external-agent, twin color: #3B82F6 @ http://localhost:3000/_next/static/chunks/01~n_next_dist_04n3ww~._.js:2431
[    3759ms] [INFO] %c[13:57:42] ℹ️ [INFO] [scheduler] Initializing task scheduler... color: #3B82F6 @ http://localhost:3000/_next/static/chunks/01~n_next_dist_04n3ww~._.js:2431
[    3760ms] [INFO] %c[13:57:42] ℹ️ [INFO] [scheduler] This tab lost leadership — unscheduling all tasks color: #3B82F6 @ http://localhost:3000/_next/static/chunks/01~n_next_dist_04n3ww~._.js:2431
[    3761ms] [INFO] %c[13:57:42] ℹ️ [INFO] [scheduler] Task scheduler initialized successfully color: #3B82F6 @ http://localhost:3000/_next/static/chunks/01~n_next_dist_04n3ww~._.js:2431
[    3761ms] [INFO] %c[13:57:42] ℹ️ [INFO] [scheduler] [Scheduler] Scheduler system initialized color: #3B82F6 @ http://localhost:3000/_next/static/chunks/01~n_next_dist_04n3ww~._.js:2431
[    3798ms] [INFO] %c[13:57:42] ℹ️ [INFO] [scheduler] [TabLock] Tab tab-1778133462717-rihj49 is now LEADER color: #3B82F6 @ http://localhost:3000/_next/static/chunks/01~n_next_dist_04n3ww~._.js:2431
[    3798ms] [INFO] %c[13:57:42] ℹ️ [INFO] [scheduler] This tab became leader — scheduling all active tasks color: #3B82F6 @ http://localhost:3000/_next/static/chunks/01~n_next_dist_04n3ww~._.js:2431
[    3814ms] [INFO] %c[13:57:42] ℹ️ [INFO] [scheduler] Found 0 active tasks to schedule color: #3B82F6 @ http://localhost:3000/_next/static/chunks/01~n_next_dist_04n3ww~._.js:2431
[    3824ms] [INFO] %c[13:57:42] ℹ️ [INFO] [scheduler] [SchedulerInitializer] Scheduler system stopped color: #3B82F6 @ http://localhost:3000/_next/static/chunks/01~n_next_dist_04n3ww~._.js:2431
[    3825ms] [INFO] %c[13:57:42] ℹ️ [INFO] [scheduler] [SchedulerInitializer] Scheduler system initialized color: #3B82F6 @ http://localhost:3000/_next/static/chunks/01~n_next_dist_04n3ww~._.js:2431
[    3825ms] [INFO] %c[13:57:42] ℹ️ [INFO] [scheduler] Stopping task scheduler... color: #3B82F6 @ http://localhost:3000/_next/static/chunks/01~n_next_dist_04n3ww~._.js:2431
[    3826ms] [INFO] %c[13:57:42] ℹ️ [INFO] [scheduler] [TabLock] Tab tab-1778133462717-rihj49 is now FOLLOWER color: #3B82F6 @ http://localhost:3000/_next/static/chunks/01~n_next_dist_04n3ww~._.js:2431
[    3826ms] [INFO] %c[13:57:42] ℹ️ [INFO] [scheduler] Task scheduler stopped color: #3B82F6 @ http://localhost:3000/_next/static/chunks/01~n_next_dist_04n3ww~._.js:2431
[    3826ms] [INFO] %c[13:57:42] ℹ️ [INFO] [scheduler] [Scheduler] Scheduler system stopped color: #3B82F6 @ http://localhost:3000/_next/static/chunks/01~n_next_dist_04n3ww~._.js:2431
[    4275ms] [VERBOSE] [DOM] Password field is not contained in a form: (More info: https://goo.gl/9p2vKq) %o @ http://localhost:3000/settings?section=providers:0
[    4276ms] [LOG] [Fast Refresh] done in 859ms @ http://localhost:3000/_next/static/chunks/01~n_next_dist_04n3ww~._.js:2431
[    4939ms] [LOG] [Fast Refresh] rebuilding @ http://localhost:3000/_next/static/chunks/01~n_next_dist_04n3ww~._.js:2431
[    5449ms] [LOG] [Fast Refresh] done in 622ms @ http://localhost:3000/_next/static/chunks/01~n_next_dist_04n3ww~._.js:2431
[   12375ms] [LOG] [Fast Refresh] rebuilding @ http://localhost:3000/_next/static/chunks/01~n_next_dist_04n3ww~._.js:2431
[   13312ms] [LOG] [Fast Refresh] done in 1022ms @ http://localhost:3000/_next/static/chunks/01~n_next_dist_04n3ww~._.js:2431
[   13424ms] [LOG] [Fast Refresh] rebuilding @ http://localhost:3000/_next/static/chunks/01~n_next_dist_04n3ww~._.js:2431
[   13514ms] [LOG] [Fast Refresh] done in 197ms @ http://localhost:3000/_next/static/chunks/01~n_next_dist_04n3ww~._.js:2431
[   18959ms] [LOG] [Fast Refresh] rebuilding @ http://localhost:3000/_next/static/chunks/01~n_next_dist_04n3ww~._.js:2431
[   19010ms] [LOG] [Fast Refresh] done in 157ms @ http://localhost:3000/_next/static/chunks/01~n_next_dist_04n3ww~._.js:2431
[   24498ms] [ERROR] In HTML, %s cannot be a descendant of <%s>.
This will cause a hydration error.%s <button> button 

  ...
    <Primitive.div role="dialog" id="radix-_r_a_" aria-describedby="radix-_r_c_" aria-labelledby="radix-_r_b_" ...>
      <div role="dialog" id="radix-_r_a_" aria-describedby="radix-_r_c_" aria-labelledby="radix-_r_b_" data-state="open" ...>
        <DialogHeader>
        <div className="space-y-2">
          <Label>
          <ScrollArea className="max-h-32">
            <ScrollArea data-slot="scroll-area" className="relative f...">
              <ScrollAreaProvider scope={undefined} type="hover" dir="ltr" scrollHideDelay={600} scrollArea={null} ...>
                <Primitive.div dir="ltr" data-slot="scroll-area" className="relative f..." ref={function} ...>
                  <div dir="ltr" data-slot="scroll-area" className="relative f..." style={{position:"...", ...}} ...>
                    <ScrollAreaViewport data-slot="scroll-are..." className="w-full gro...">
                      <style>
                      <Primitive.div data-radix-scroll-area-viewport="" data-slot="scroll-are..." ...>
                        <div data-radix-scroll-area-viewport="" data-slot="scroll-are..." className="w-full gro..." ...>
                          <div ref={function bound dispatchSetState} style={{minWidth:"...", ...}}>
                            <div className="flex flex-...">
>                             <button
>                               type="button"
>                               onClick={function onClick}
>                               disabled={false}
>                               className="inline-flex items-center gap-1.5 rounded-md border px-2.5 py-1 text-xs tran..."
>                             >
                                ...
                                  <CheckboxTrigger data-slot="checkbox" className="peer size-..." ref={null} ...>
                                    <Primitive.button type="button" role="checkbox" aria-checked={false} ...>
>                                     <button
>                                       type="button"
>                                       role="checkbox"
>                                       aria-checked={false}
>                                       aria-required={undefined}
>                                       data-state="unchecked"
>                                       data-disabled={undefined}
>                                       disabled={undefined}
>                                       value="on"
>                                       data-slot="checkbox"
>                                       className="peer size-4 shrink-0 rounded-[4px] border border-input shadow-xs tr..."
>                                       onKeyDown={function handleEvent}
>                                       onClick={function handleEvent}
>                                       ref={function}
>                                     >
                                  ...
                                ...
                              ...
                    ...
        ...
        ...
 @ http://localhost:3000/_next/static/chunks/01~n_next_dist_04n3ww~._.js:3272
[   24498ms] [ERROR] <%s> cannot contain a nested %s.
See this log for the ancestor stack trace. button <button> @ http://localhost:3000/_next/static/chunks/01~n_next_dist_04n3ww~._.js:3272
[   24766ms] [LOG] [Fast Refresh] rebuilding @ http://localhost:3000/_next/static/chunks/01~n_next_dist_04n3ww~._.js:2431
[   24961ms] [LOG] [Fast Refresh] done in 303ms @ http://localhost:3000/_next/static/chunks/01~n_next_dist_04n3ww~._.js:2431
[   30826ms] [LOG] [Fast Refresh] rebuilding @ http://localhost:3000/_next/static/chunks/01~n_next_dist_04n3ww~._.js:2431
[   31852ms] [LOG] [Fast Refresh] done in 1134ms @ http://localhost:3000/_next/static/chunks/01~n_next_dist_04n3ww~._.js:2431
[   38461ms] [LOG] [Fast Refresh] rebuilding @ http://localhost:3000/_next/static/chunks/01~n_next_dist_04n3ww~._.js:2431
[   39894ms] [LOG] [Fast Refresh] done in 1458ms @ http://localhost:3000/_next/static/chunks/01~n_next_dist_04n3ww~._.js:2431
[   64509ms] [LOG] [Fast Refresh] rebuilding @ http://localhost:3000/_next/static/chunks/01~n_next_dist_04n3ww~._.js:2431
[   65039ms] [LOG] [Fast Refresh] done in 569ms @ http://localhost:3000/_next/static/chunks/01~n_next_dist_04n3ww~._.js:2431
