[    1108ms] [INFO] %cDownload the React DevTools for a better development experience: https://react.dev/link/react-devtools font-weight:bold @ http://localhost:3000/_next/static/chunks/01~n_next_dist_04n3ww~._.js:2431
[    1175ms] [LOG] [HMR] connected @ http://localhost:3000/_next/static/chunks/01~n_next_dist_04n3ww~._.js:2431
[    1290ms] [LOG] [Fast Refresh] rebuilding @ http://localhost:3000/_next/static/chunks/01~n_next_dist_04n3ww~._.js:2431
[    1411ms] [LOG] [Fast Refresh] done in 228ms @ http://localhost:3000/_next/static/chunks/01~n_next_dist_04n3ww~._.js:2431
[    1922ms] [INFO] %c[13:53:11] ℹ️ [INFO] [scheduler] Registered executor for task type: chat color: #3B82F6 @ http://localhost:3000/_next/static/chunks/01~n_next_dist_04n3ww~._.js:2431
[    1923ms] [INFO] %c[13:53:11] ℹ️ [INFO] [scheduler] Registered executor for task type: agent color: #3B82F6 @ http://localhost:3000/_next/static/chunks/01~n_next_dist_04n3ww~._.js:2431
[    1923ms] [INFO] %c[13:53:11] ℹ️ [INFO] [scheduler] Registered executor for task type: skill color: #3B82F6 @ http://localhost:3000/_next/static/chunks/01~n_next_dist_04n3ww~._.js:2431
[    1923ms] [INFO] %c[13:53:11] ℹ️ [INFO] [scheduler] Registered executor for task type: script color: #3B82F6 @ http://localhost:3000/_next/static/chunks/01~n_next_dist_04n3ww~._.js:2431
[    1923ms] [INFO] %c[13:53:11] ℹ️ [INFO] [scheduler] Registered executor for task type: plugin color: #3B82F6 @ http://localhost:3000/_next/static/chunks/01~n_next_dist_04n3ww~._.js:2431
[    1923ms] [INFO] %c[13:53:11] ℹ️ [INFO] [scheduler] Registered executor for task type: backup color: #3B82F6 @ http://localhost:3000/_next/static/chunks/01~n_next_dist_04n3ww~._.js:2431
[    1924ms] [INFO] %c[13:53:11] ℹ️ [INFO] [scheduler] Registered executor for task type: custom color: #3B82F6 @ http://localhost:3000/_next/static/chunks/01~n_next_dist_04n3ww~._.js:2431
[    1924ms] [INFO] %c[13:53:11] ℹ️ [INFO] [scheduler] Registered executor for task type: external-agent color: #3B82F6 @ http://localhost:3000/_next/static/chunks/01~n_next_dist_04n3ww~._.js:2431
[    1924ms] [INFO] %c[13:53:11] ℹ️ [INFO] [scheduler] Registered executor for task type: twin color: #3B82F6 @ http://localhost:3000/_next/static/chunks/01~n_next_dist_04n3ww~._.js:2431
[    1924ms] [INFO] %c[13:53:11] ℹ️ [INFO] [scheduler] Built-in scheduler executors registered: chat, agent, skill, script, plugin, backup, custom, external-agent, twin color: #3B82F6 @ http://localhost:3000/_next/static/chunks/01~n_next_dist_04n3ww~._.js:2431
[    1924ms] [INFO] %c[13:53:11] ℹ️ [INFO] [scheduler] Initializing task scheduler... color: #3B82F6 @ http://localhost:3000/_next/static/chunks/01~n_next_dist_04n3ww~._.js:2431
[    1924ms] [INFO] %c[13:53:11] ℹ️ [INFO] [scheduler] This tab lost leadership — unscheduling all tasks color: #3B82F6 @ http://localhost:3000/_next/static/chunks/01~n_next_dist_04n3ww~._.js:2431
[    1925ms] [INFO] %c[13:53:11] ℹ️ [INFO] [scheduler] Task scheduler initialized successfully color: #3B82F6 @ http://localhost:3000/_next/static/chunks/01~n_next_dist_04n3ww~._.js:2431
[    1925ms] [INFO] %c[13:53:11] ℹ️ [INFO] [scheduler] [Scheduler] Scheduler system initialized color: #3B82F6 @ http://localhost:3000/_next/static/chunks/01~n_next_dist_04n3ww~._.js:2431
[    1943ms] [INFO] %c[13:53:12] ℹ️ [INFO] [scheduler] [TabLock] Tab tab-1778133191879-g9e8ci is now LEADER color: #3B82F6 @ http://localhost:3000/_next/static/chunks/01~n_next_dist_04n3ww~._.js:2431
[    1943ms] [INFO] %c[13:53:12] ℹ️ [INFO] [scheduler] This tab became leader — scheduling all active tasks color: #3B82F6 @ http://localhost:3000/_next/static/chunks/01~n_next_dist_04n3ww~._.js:2431
[    2119ms] [LOG] [Fast Refresh] rebuilding @ http://localhost:3000/_next/static/chunks/01~n_next_dist_04n3ww~._.js:2431
[    2124ms] [INFO] %c[13:53:12] ℹ️ [INFO] [scheduler] Found 0 active tasks to schedule color: #3B82F6 @ http://localhost:3000/_next/static/chunks/01~n_next_dist_04n3ww~._.js:2431
[    2125ms] [INFO] %c[13:53:12] ℹ️ [INFO] [scheduler] [SchedulerInitializer] Scheduler system stopped color: #3B82F6 @ http://localhost:3000/_next/static/chunks/01~n_next_dist_04n3ww~._.js:2431
[    2125ms] [INFO] %c[13:53:12] ℹ️ [INFO] [scheduler] [SchedulerInitializer] Scheduler system initialized color: #3B82F6 @ http://localhost:3000/_next/static/chunks/01~n_next_dist_04n3ww~._.js:2431
[    2126ms] [INFO] %c[13:53:12] ℹ️ [INFO] [scheduler] Stopping task scheduler... color: #3B82F6 @ http://localhost:3000/_next/static/chunks/01~n_next_dist_04n3ww~._.js:2431
[    2126ms] [INFO] %c[13:53:12] ℹ️ [INFO] [scheduler] [TabLock] Tab tab-1778133191879-g9e8ci is now FOLLOWER color: #3B82F6 @ http://localhost:3000/_next/static/chunks/01~n_next_dist_04n3ww~._.js:2431
[    2126ms] [INFO] %c[13:53:12] ℹ️ [INFO] [scheduler] Task scheduler stopped color: #3B82F6 @ http://localhost:3000/_next/static/chunks/01~n_next_dist_04n3ww~._.js:2431
[    2126ms] [INFO] %c[13:53:12] ℹ️ [INFO] [scheduler] [Scheduler] Scheduler system stopped color: #3B82F6 @ http://localhost:3000/_next/static/chunks/01~n_next_dist_04n3ww~._.js:2431
[    2137ms] [VERBOSE] [DOM] Password field is not contained in a form: (More info: https://goo.gl/9p2vKq) %o @ http://localhost:3000/settings?section=providers:0
[    2311ms] [LOG] [Fast Refresh] done in 321ms @ http://localhost:3000/_next/static/chunks/01~n_next_dist_04n3ww~._.js:2431
[    4180ms] [LOG] [Fast Refresh] rebuilding @ http://localhost:3000/_next/static/chunks/01~n_next_dist_04n3ww~._.js:2431
[    4466ms] [LOG] [Fast Refresh] done in 398ms @ http://localhost:3000/_next/static/chunks/01~n_next_dist_04n3ww~._.js:2431
[   14544ms] [LOG] [Fast Refresh] rebuilding @ http://localhost:3000/_next/static/chunks/01~n_next_dist_04n3ww~._.js:2431
[   14800ms] [LOG] [Fast Refresh] done in 357ms @ http://localhost:3000/_next/static/chunks/01~n_next_dist_04n3ww~._.js:2431
[   17098ms] [LOG] [Fast Refresh] rebuilding @ http://localhost:3000/_next/static/chunks/01~n_next_dist_04n3ww~._.js:2431
[   17384ms] [LOG] [Fast Refresh] done in 391ms @ http://localhost:3000/_next/static/chunks/01~n_next_dist_04n3ww~._.js:2431
[   21563ms] [LOG] [Fast Refresh] rebuilding @ http://localhost:3000/_next/static/chunks/01~n_next_dist_04n3ww~._.js:2431
[   21851ms] [LOG] [Fast Refresh] done in 394ms @ http://localhost:3000/_next/static/chunks/01~n_next_dist_04n3ww~._.js:2431
[   25700ms] [LOG] [Fast Refresh] rebuilding @ http://localhost:3000/_next/static/chunks/01~n_next_dist_04n3ww~._.js:2431
[   25989ms] [LOG] [Fast Refresh] done in 395ms @ http://localhost:3000/_next/static/chunks/01~n_next_dist_04n3ww~._.js:2431
[   28980ms] [LOG] [Fast Refresh] rebuilding @ http://localhost:3000/_next/static/chunks/01~n_next_dist_04n3ww~._.js:2431
[   29251ms] [LOG] [Fast Refresh] done in 373ms @ http://localhost:3000/_next/static/chunks/01~n_next_dist_04n3ww~._.js:2431
[   60623ms] [LOG] [Fast Refresh] rebuilding @ http://localhost:3000/_next/static/chunks/01~n_next_dist_04n3ww~._.js:2431
[   60623ms] [LOG] [Fast Refresh] done in 111ms @ http://localhost:3000/_next/static/chunks/01~n_next_dist_04n3ww~._.js:2431
[   66436ms] [LOG] [Fast Refresh] rebuilding @ http://localhost:3000/_next/static/chunks/01~n_next_dist_04n3ww~._.js:2431
[   66998ms] [LOG] [Fast Refresh] done in 672ms @ http://localhost:3000/_next/static/chunks/01~n_next_dist_04n3ww~._.js:2431
[   81451ms] [LOG] [Fast Refresh] rebuilding @ http://localhost:3000/_next/static/chunks/01~n_next_dist_04n3ww~._.js:2431
[   81723ms] [LOG] [Fast Refresh] done in 385ms @ http://localhost:3000/_next/static/chunks/01~n_next_dist_04n3ww~._.js:2431
[   85324ms] [LOG] [Fast Refresh] rebuilding @ http://localhost:3000/_next/static/chunks/01~n_next_dist_04n3ww~._.js:2431
[   85565ms] [LOG] [Fast Refresh] done in 354ms @ http://localhost:3000/_next/static/chunks/01~n_next_dist_04n3ww~._.js:2431
[  108240ms] [LOG] [Fast Refresh] rebuilding @ http://localhost:3000/_next/static/chunks/01~n_next_dist_04n3ww~._.js:2431
[  108543ms] [LOG] [Fast Refresh] done in 414ms @ http://localhost:3000/_next/static/chunks/01~n_next_dist_04n3ww~._.js:2431
[  126055ms] [ERROR] IntlError: MISSING_MESSAGE: Could not resolve `providers.routingView.comingSoon` in messages for locale `en`.
    at getFallbackFromErrorAndNotify (http://localhost:3000/_next/static/chunks/node_modules__pnpm_12x3m_7._.js:8771:23)
    at translateBaseFn (http://localhost:3000/_next/static/chunks/node_modules__pnpm_12x3m_7._.js:8801:28)
    at translateFn (http://localhost:3000/_next/static/chunks/node_modules__pnpm_12x3m_7._.js:8829:24)
    at RoutingTab (http://localhost:3000/_next/static/chunks/_0133avr._.js:11371:24)
    at Object.react_stack_bottom_frame (http://localhost:3000/_next/static/chunks/01~n_next_dist_compiled_react-dom_04uvg04._.js:15037:24)
    at renderWithHooks (http://localhost:3000/_next/static/chunks/01~n_next_dist_compiled_react-dom_04uvg04._.js:4620:24)
    at updateFunctionComponent (http://localhost:3000/_next/static/chunks/01~n_next_dist_compiled_react-dom_04uvg04._.js:6081:21)
    at beginWork (http://localhost:3000/_next/static/chunks/01~n_next_dist_compiled_react-dom_04uvg04._.js:6691:24)
    at runWithFiberInDEV (http://localhost:3000/_next/static/chunks/01~n_next_dist_compiled_react-dom_04uvg04._.js:965:74)
    at performUnitOfWork (http://localhost:3000/_next/static/chunks/01~n_next_dist_compiled_react-dom_04uvg04._.js:9555:97)
    at workLoopSync (http://localhost:3000/_next/static/chunks/01~n_next_dist_compiled_react-dom_04uvg04._.js:9449:40)
    at renderRootSync (http://localhost:3000/_next/static/chunks/01~n_next_dist_compiled_react-dom_04uvg04._.js:9433:13)
    at performWorkOnRoot (http://localhost:3000/_next/static/chunks/01~n_next_dist_compiled_react-dom_04uvg04._.js:9061:186)
    at performSyncWorkOnRoot (http://localhost:3000/_next/static/chunks/01~n_next_dist_compiled_react-dom_04uvg04._.js:10263:9)
    at flushSyncWorkAcrossRoots_impl (http://localhost:3000/_next/static/chunks/01~n_next_dist_compiled_react-dom_04uvg04._.js:10179:316)
    at processRootScheduleInMicrotask (http://localhost:3000/_next/static/chunks/01~n_next_dist_compiled_react-dom_04uvg04._.js:10200:106)
    at http://localhost:3000/_next/static/chunks/01~n_next_dist_compiled_react-dom_04uvg04._.js:10274:158 @ http://localhost:3000/_next/static/chunks/01~n_next_dist_04n3ww~._.js:3272
[  126059ms] [ERROR] IntlError: MISSING_MESSAGE: Could not resolve `providers.routingView.comingSoon` in messages for locale `en`.
    at getFallbackFromErrorAndNotify (http://localhost:3000/_next/static/chunks/node_modules__pnpm_12x3m_7._.js:8771:23)
    at translateBaseFn (http://localhost:3000/_next/static/chunks/node_modules__pnpm_12x3m_7._.js:8801:28)
    at translateFn (http://localhost:3000/_next/static/chunks/node_modules__pnpm_12x3m_7._.js:8829:24)
    at RoutingTab (http://localhost:3000/_next/static/chunks/_0133avr._.js:11371:24)
    at Object.react_stack_bottom_frame (http://localhost:3000/_next/static/chunks/01~n_next_dist_compiled_react-dom_04uvg04._.js:15037:24)
    at renderWithHooksAgain (http://localhost:3000/_next/static/chunks/01~n_next_dist_compiled_react-dom_04uvg04._.js:4675:24)
    at renderWithHooks (http://localhost:3000/_next/static/chunks/01~n_next_dist_compiled_react-dom_04uvg04._.js:4626:28)
    at updateFunctionComponent (http://localhost:3000/_next/static/chunks/01~n_next_dist_compiled_react-dom_04uvg04._.js:6081:21)
    at beginWork (http://localhost:3000/_next/static/chunks/01~n_next_dist_compiled_react-dom_04uvg04._.js:6691:24)
    at runWithFiberInDEV (http://localhost:3000/_next/static/chunks/01~n_next_dist_compiled_react-dom_04uvg04._.js:965:74)
    at performUnitOfWork (http://localhost:3000/_next/static/chunks/01~n_next_dist_compiled_react-dom_04uvg04._.js:9555:97)
    at workLoopSync (http://localhost:3000/_next/static/chunks/01~n_next_dist_compiled_react-dom_04uvg04._.js:9449:40)
    at renderRootSync (http://localhost:3000/_next/static/chunks/01~n_next_dist_compiled_react-dom_04uvg04._.js:9433:13)
    at performWorkOnRoot (http://localhost:3000/_next/static/chunks/01~n_next_dist_compiled_react-dom_04uvg04._.js:9061:186)
    at performSyncWorkOnRoot (http://localhost:3000/_next/static/chunks/01~n_next_dist_compiled_react-dom_04uvg04._.js:10263:9)
    at flushSyncWorkAcrossRoots_impl (http://localhost:3000/_next/static/chunks/01~n_next_dist_compiled_react-dom_04uvg04._.js:10179:316)
    at processRootScheduleInMicrotask (http://localhost:3000/_next/static/chunks/01~n_next_dist_compiled_react-dom_04uvg04._.js:10200:106)
    at http://localhost:3000/_next/static/chunks/01~n_next_dist_compiled_react-dom_04uvg04._.js:10274:158 @ http://localhost:3000/_next/static/chunks/01~n_next_dist_04n3ww~._.js:3272
[  126224ms] [LOG] [Fast Refresh] rebuilding @ http://localhost:3000/_next/static/chunks/01~n_next_dist_04n3ww~._.js:2431
[  126284ms] [LOG] [Fast Refresh] done in 166ms @ http://localhost:3000/_next/static/chunks/01~n_next_dist_04n3ww~._.js:2431
[  128157ms] [LOG] [Fast Refresh] rebuilding @ http://localhost:3000/_next/static/chunks/01~n_next_dist_04n3ww~._.js:2431
[  128461ms] [LOG] [Fast Refresh] done in 410ms @ http://localhost:3000/_next/static/chunks/01~n_next_dist_04n3ww~._.js:2431
[  161341ms] [LOG] [Fast Refresh] rebuilding @ http://localhost:3000/_next/static/chunks/01~n_next_dist_04n3ww~._.js:2431
[  161569ms] [LOG] [Fast Refresh] done in 331ms @ http://localhost:3000/_next/static/chunks/01~n_next_dist_04n3ww~._.js:2431
[  193832ms] [LOG] [Fast Refresh] rebuilding @ http://localhost:3000/_next/static/chunks/01~n_next_dist_04n3ww~._.js:2431
[  194717ms] [LOG] [Fast Refresh] done in 880ms @ http://localhost:3000/_next/static/chunks/01~n_next_dist_04n3ww~._.js:2431
[  194831ms] [LOG] [Fast Refresh] rebuilding @ http://localhost:3000/_next/static/chunks/01~n_next_dist_04n3ww~._.js:2431
[  195254ms] [LOG] [Fast Refresh] done in 528ms @ http://localhost:3000/_next/static/chunks/01~n_next_dist_04n3ww~._.js:2431
[  197177ms] [LOG] [Fast Refresh] rebuilding @ http://localhost:3000/_next/static/chunks/01~n_next_dist_04n3ww~._.js:2431
[  197942ms] [LOG] [Fast Refresh] done in 699ms @ http://localhost:3000/_next/static/chunks/01~n_next_dist_04n3ww~._.js:2431
