[       5ms] [INFO] %c[13:56:31] ℹ️ [INFO] [scheduler] Stopping task scheduler... color: #3B82F6 @ http://localhost:3000/_next/static/chunks/01~n_next_dist_04n3ww~._.js:2431
[       5ms] [INFO] %c[13:56:31] ℹ️ [INFO] [scheduler] Task scheduler stopped color: #3B82F6 @ http://localhost:3000/_next/static/chunks/01~n_next_dist_04n3ww~._.js:2431
[       5ms] [INFO] %c[13:56:31] ℹ️ [INFO] [scheduler] [Scheduler] Scheduler system stopped color: #3B82F6 @ http://localhost:3000/_next/static/chunks/01~n_next_dist_04n3ww~._.js:2431
[     113ms] [LOG] [Fast Refresh] rebuilding @ http://localhost:3000/_next/static/chunks/01~n_next_dist_04n3ww~._.js:2431
[     703ms] [LOG] [Fast Refresh] done in 694ms @ http://localhost:3000/_next/static/chunks/01~n_next_dist_04n3ww~._.js:2431
[     818ms] [INFO] %cDownload the React DevTools for a better development experience: https://react.dev/link/react-devtools font-weight:bold @ http://localhost:3000/_next/static/chunks/01~n_next_dist_04n3ww~._.js:2431
[     887ms] [LOG] [HMR] connected @ http://localhost:3000/_next/static/chunks/01~n_next_dist_04n3ww~._.js:2431
[    1067ms] [INFO] %c[13:56:32] ℹ️ [INFO] [scheduler] Registered executor for task type: chat color: #3B82F6 @ http://localhost:3000/_next/static/chunks/01~n_next_dist_04n3ww~._.js:2431
[    1068ms] [INFO] %c[13:56:32] ℹ️ [INFO] [scheduler] Registered executor for task type: agent color: #3B82F6 @ http://localhost:3000/_next/static/chunks/01~n_next_dist_04n3ww~._.js:2431
[    1068ms] [INFO] %c[13:56:32] ℹ️ [INFO] [scheduler] Registered executor for task type: skill color: #3B82F6 @ http://localhost:3000/_next/static/chunks/01~n_next_dist_04n3ww~._.js:2431
[    1068ms] [INFO] %c[13:56:32] ℹ️ [INFO] [scheduler] Registered executor for task type: script color: #3B82F6 @ http://localhost:3000/_next/static/chunks/01~n_next_dist_04n3ww~._.js:2431
[    1068ms] [INFO] %c[13:56:32] ℹ️ [INFO] [scheduler] Registered executor for task type: plugin color: #3B82F6 @ http://localhost:3000/_next/static/chunks/01~n_next_dist_04n3ww~._.js:2431
[    1068ms] [INFO] %c[13:56:32] ℹ️ [INFO] [scheduler] Registered executor for task type: backup color: #3B82F6 @ http://localhost:3000/_next/static/chunks/01~n_next_dist_04n3ww~._.js:2431
[    1068ms] [INFO] %c[13:56:32] ℹ️ [INFO] [scheduler] Registered executor for task type: custom color: #3B82F6 @ http://localhost:3000/_next/static/chunks/01~n_next_dist_04n3ww~._.js:2431
[    1068ms] [INFO] %c[13:56:32] ℹ️ [INFO] [scheduler] Registered executor for task type: external-agent color: #3B82F6 @ http://localhost:3000/_next/static/chunks/01~n_next_dist_04n3ww~._.js:2431
[    1069ms] [INFO] %c[13:56:32] ℹ️ [INFO] [scheduler] Registered executor for task type: twin color: #3B82F6 @ http://localhost:3000/_next/static/chunks/01~n_next_dist_04n3ww~._.js:2431
[    1069ms] [INFO] %c[13:56:32] ℹ️ [INFO] [scheduler] Built-in scheduler executors registered: chat, agent, skill, script, plugin, backup, custom, external-agent, twin color: #3B82F6 @ http://localhost:3000/_next/static/chunks/01~n_next_dist_04n3ww~._.js:2431
[    1069ms] [INFO] %c[13:56:32] ℹ️ [INFO] [scheduler] Initializing task scheduler... color: #3B82F6 @ http://localhost:3000/_next/static/chunks/01~n_next_dist_04n3ww~._.js:2431
[    1069ms] [INFO] %c[13:56:32] ℹ️ [INFO] [scheduler] This tab lost leadership — unscheduling all tasks color: #3B82F6 @ http://localhost:3000/_next/static/chunks/01~n_next_dist_04n3ww~._.js:2431
[    1069ms] [INFO] %c[13:56:32] ℹ️ [INFO] [scheduler] Task scheduler initialized successfully color: #3B82F6 @ http://localhost:3000/_next/static/chunks/01~n_next_dist_04n3ww~._.js:2431
[    1070ms] [INFO] %c[13:56:32] ℹ️ [INFO] [scheduler] [Scheduler] Scheduler system initialized color: #3B82F6 @ http://localhost:3000/_next/static/chunks/01~n_next_dist_04n3ww~._.js:2431
[    1091ms] [INFO] %c[13:56:32] ℹ️ [INFO] [scheduler] [TabLock] Tab tab-1778133392321-rpwqso is now LEADER color: #3B82F6 @ http://localhost:3000/_next/static/chunks/01~n_next_dist_04n3ww~._.js:2431
[    1091ms] [INFO] %c[13:56:32] ℹ️ [INFO] [scheduler] This tab became leader — scheduling all active tasks color: #3B82F6 @ http://localhost:3000/_next/static/chunks/01~n_next_dist_04n3ww~._.js:2431
[    1103ms] [INFO] %c[13:56:32] ℹ️ [INFO] [scheduler] Found 0 active tasks to schedule color: #3B82F6 @ http://localhost:3000/_next/static/chunks/01~n_next_dist_04n3ww~._.js:2431
[    1112ms] [INFO] %c[13:56:32] ℹ️ [INFO] [scheduler] [SchedulerInitializer] Scheduler system stopped color: #3B82F6 @ http://localhost:3000/_next/static/chunks/01~n_next_dist_04n3ww~._.js:2431
[    1113ms] [INFO] %c[13:56:32] ℹ️ [INFO] [scheduler] [SchedulerInitializer] Scheduler system initialized color: #3B82F6 @ http://localhost:3000/_next/static/chunks/01~n_next_dist_04n3ww~._.js:2431
[    1113ms] [INFO] %c[13:56:32] ℹ️ [INFO] [scheduler] Stopping task scheduler... color: #3B82F6 @ http://localhost:3000/_next/static/chunks/01~n_next_dist_04n3ww~._.js:2431
[    1113ms] [INFO] %c[13:56:32] ℹ️ [INFO] [scheduler] [TabLock] Tab tab-1778133392321-rpwqso is now FOLLOWER color: #3B82F6 @ http://localhost:3000/_next/static/chunks/01~n_next_dist_04n3ww~._.js:2431
[    1113ms] [INFO] %c[13:56:32] ℹ️ [INFO] [scheduler] Task scheduler stopped color: #3B82F6 @ http://localhost:3000/_next/static/chunks/01~n_next_dist_04n3ww~._.js:2431
[    1113ms] [INFO] %c[13:56:32] ℹ️ [INFO] [scheduler] [Scheduler] Scheduler system stopped color: #3B82F6 @ http://localhost:3000/_next/static/chunks/01~n_next_dist_04n3ww~._.js:2431
[    1351ms] [VERBOSE] [DOM] Password field is not contained in a form: (More info: https://goo.gl/9p2vKq) %o @ http://localhost:3000/settings?section=providers:0
[   16958ms] [ERROR] IntlError: MISSING_MESSAGE: Could not resolve `providers.healthView.error` in messages for locale `en`.
    at getFallbackFromErrorAndNotify (http://localhost:3000/_next/static/chunks/node_modules__pnpm_12x3m_7._.js:8771:23)
    at translateBaseFn (http://localhost:3000/_next/static/chunks/node_modules__pnpm_12x3m_7._.js:8801:28)
    at translateFn (http://localhost:3000/_next/static/chunks/node_modules__pnpm_12x3m_7._.js:8829:24)
    at HealthTab (http://localhost:3000/_next/static/chunks/_0133avr._.js:11572:20)
    at Object.react_stack_bottom_frame (http://localhost:3000/_next/static/chunks/01~n_next_dist_compiled_react-dom_04uvg04._.js:15037:24)
    at renderWithHooks (http://localhost:3000/_next/static/chunks/01~n_next_dist_compiled_react-dom_04uvg04._.js:4620:24)
    at updateFunctionComponent (http://localhost:3000/_next/static/chunks/01~n_next_dist_compiled_react-dom_04uvg04._.js:6081:21)
    at beginWork (http://localhost:3000/_next/static/chunks/01~n_next_dist_compiled_react-dom_04uvg04._.js:6691:24)
    at runWithFiberInDEV (http://localhost:3000/_next/static/chunks/01~n_next_dist_compiled_react-dom_04uvg04._.js:965:74)
    at performUnitOfWork (http://localhost:3000/_next/static/chunks/01~n_next_dist_compiled_react-dom_04uvg04._.js:9555:97)
    at workLoopSync (http://localhost:3000/_next/static/chunks/01~n_next_dist_compiled_react-dom_04uvg04._.js:9449:40)
    at renderRootSync (http://localhost:3000/_next/static/chunks/01~n_next_dist_compiled_react-dom_04uvg04._.js:9433:13)
    at performWorkOnRoot (http://localhost:3000/_next/static/chunks/01~n_next_dist_compiled_react-dom_04uvg04._.js:9061:186)
    at performSyncWorkOnRoot (http://localhost:3000/_next/static/chunks/01~n_next_dist_compiled_react-dom_04uvg04._.js:10263:9)
    at flushSyncWorkAcrossRoots_impl (http://localhost:3000/_next/static/chunks/01~n_next_dist_compiled_react-dom_04uvg04._.js:10179:316)
    at processRootScheduleInMicrotask (http://localhost:3000/_next/static/chunks/01~n_next_dist_compiled_react-dom_04uvg04._.js:10200:106)
    at http://localhost:3000/_next/static/chunks/01~n_next_dist_compiled_react-dom_04uvg04._.js:10274:158 @ http://localhost:3000/_next/static/chunks/01~n_next_dist_04n3ww~._.js:3272
[   16958ms] [ERROR] IntlError: MISSING_MESSAGE: Could not resolve `providers.healthView.error` in messages for locale `en`.
    at getFallbackFromErrorAndNotify (http://localhost:3000/_next/static/chunks/node_modules__pnpm_12x3m_7._.js:8771:23)
    at translateBaseFn (http://localhost:3000/_next/static/chunks/node_modules__pnpm_12x3m_7._.js:8801:28)
    at translateFn (http://localhost:3000/_next/static/chunks/node_modules__pnpm_12x3m_7._.js:8829:24)
    at HealthTab (http://localhost:3000/_next/static/chunks/_0133avr._.js:11572:20)
    at Object.react_stack_bottom_frame (http://localhost:3000/_next/static/chunks/01~n_next_dist_compiled_react-dom_04uvg04._.js:15037:24)
    at renderWithHooksAgain (http://localhost:3000/_next/static/chunks/01~n_next_dist_compiled_react-dom_04uvg04._.js:4675:24)
    at renderWithHooks (http://localhost:3000/_next/static/chunks/01~n_next_dist_compiled_react-dom_04uvg04._.js:4626:28)
    at updateFunctionComponent (http://localhost:3000/_next/static/chunks/01~n_next_dist_compiled_react-dom_04uvg04._.js:6081:21)
    at beginWork (http://localhost:3000/_next/static/chunks/01~n_next_dist_compiled_react-dom_04uvg04._.js:6691:24)
    at runWithFiberInDEV (http://localhost:3000/_next/static/chunks/01~n_next_dist_compiled_react-dom_04uvg04._.js:965:74)
    at performUnitOfWork (http://localhost:3000/_next/static/chunks/01~n_next_dist_compiled_react-dom_04uvg04._.js:9555:97)
    at workLoopSync (http://localhost:3000/_next/static/chunks/01~n_next_dist_compiled_react-dom_04uvg04._.js:9449:40)
    at renderRootSync (http://localhost:3000/_next/static/chunks/01~n_next_dist_compiled_react-dom_04uvg04._.js:9433:13)
    at performWorkOnRoot (http://localhost:3000/_next/static/chunks/01~n_next_dist_compiled_react-dom_04uvg04._.js:9061:186)
    at performSyncWorkOnRoot (http://localhost:3000/_next/static/chunks/01~n_next_dist_compiled_react-dom_04uvg04._.js:10263:9)
    at flushSyncWorkAcrossRoots_impl (http://localhost:3000/_next/static/chunks/01~n_next_dist_compiled_react-dom_04uvg04._.js:10179:316)
    at processRootScheduleInMicrotask (http://localhost:3000/_next/static/chunks/01~n_next_dist_compiled_react-dom_04uvg04._.js:10200:106)
    at http://localhost:3000/_next/static/chunks/01~n_next_dist_compiled_react-dom_04uvg04._.js:10274:158 @ http://localhost:3000/_next/static/chunks/01~n_next_dist_04n3ww~._.js:3272
[   17111ms] [LOG] [Fast Refresh] rebuilding @ http://localhost:3000/_next/static/chunks/01~n_next_dist_04n3ww~._.js:2431
[   17112ms] [LOG] [Fast Refresh] done in 107ms @ http://localhost:3000/_next/static/chunks/01~n_next_dist_04n3ww~._.js:2431
[   17336ms] [ERROR] IntlError: MISSING_MESSAGE: Could not resolve `providers.healthView.error` in messages for locale `en`.
    at getFallbackFromErrorAndNotify (http://localhost:3000/_next/static/chunks/node_modules__pnpm_12x3m_7._.js:8771:23)
    at translateBaseFn (http://localhost:3000/_next/static/chunks/node_modules__pnpm_12x3m_7._.js:8801:28)
    at translateFn (http://localhost:3000/_next/static/chunks/node_modules__pnpm_12x3m_7._.js:8829:24)
    at HealthTab (http://localhost:3000/_next/static/chunks/_0133avr._.js:11572:20)
    at Object.react_stack_bottom_frame (http://localhost:3000/_next/static/chunks/01~n_next_dist_compiled_react-dom_04uvg04._.js:15037:24)
    at renderWithHooks (http://localhost:3000/_next/static/chunks/01~n_next_dist_compiled_react-dom_04uvg04._.js:4620:24)
    at updateFunctionComponent (http://localhost:3000/_next/static/chunks/01~n_next_dist_compiled_react-dom_04uvg04._.js:6081:21)
    at beginWork (http://localhost:3000/_next/static/chunks/01~n_next_dist_compiled_react-dom_04uvg04._.js:6691:24)
    at runWithFiberInDEV (http://localhost:3000/_next/static/chunks/01~n_next_dist_compiled_react-dom_04uvg04._.js:965:74)
    at performUnitOfWork (http://localhost:3000/_next/static/chunks/01~n_next_dist_compiled_react-dom_04uvg04._.js:9555:97)
    at workLoopSync (http://localhost:3000/_next/static/chunks/01~n_next_dist_compiled_react-dom_04uvg04._.js:9449:40)
    at renderRootSync (http://localhost:3000/_next/static/chunks/01~n_next_dist_compiled_react-dom_04uvg04._.js:9433:13)
    at performWorkOnRoot (http://localhost:3000/_next/static/chunks/01~n_next_dist_compiled_react-dom_04uvg04._.js:9061:186)
    at performSyncWorkOnRoot (http://localhost:3000/_next/static/chunks/01~n_next_dist_compiled_react-dom_04uvg04._.js:10263:9)
    at flushSyncWorkAcrossRoots_impl (http://localhost:3000/_next/static/chunks/01~n_next_dist_compiled_react-dom_04uvg04._.js:10179:316)
    at processRootScheduleInMicrotask (http://localhost:3000/_next/static/chunks/01~n_next_dist_compiled_react-dom_04uvg04._.js:10200:106)
    at http://localhost:3000/_next/static/chunks/01~n_next_dist_compiled_react-dom_04uvg04._.js:10274:158 @ http://localhost:3000/_next/static/chunks/01~n_next_dist_04n3ww~._.js:3272
[   17336ms] [ERROR] IntlError: MISSING_MESSAGE: Could not resolve `providers.healthView.error` in messages for locale `en`.
    at getFallbackFromErrorAndNotify (http://localhost:3000/_next/static/chunks/node_modules__pnpm_12x3m_7._.js:8771:23)
    at translateBaseFn (http://localhost:3000/_next/static/chunks/node_modules__pnpm_12x3m_7._.js:8801:28)
    at translateFn (http://localhost:3000/_next/static/chunks/node_modules__pnpm_12x3m_7._.js:8829:24)
    at HealthTab (http://localhost:3000/_next/static/chunks/_0133avr._.js:11572:20)
    at Object.react_stack_bottom_frame (http://localhost:3000/_next/static/chunks/01~n_next_dist_compiled_react-dom_04uvg04._.js:15037:24)
    at renderWithHooksAgain (http://localhost:3000/_next/static/chunks/01~n_next_dist_compiled_react-dom_04uvg04._.js:4675:24)
    at renderWithHooks (http://localhost:3000/_next/static/chunks/01~n_next_dist_compiled_react-dom_04uvg04._.js:4626:28)
    at updateFunctionComponent (http://localhost:3000/_next/static/chunks/01~n_next_dist_compiled_react-dom_04uvg04._.js:6081:21)
    at beginWork (http://localhost:3000/_next/static/chunks/01~n_next_dist_compiled_react-dom_04uvg04._.js:6691:24)
    at runWithFiberInDEV (http://localhost:3000/_next/static/chunks/01~n_next_dist_compiled_react-dom_04uvg04._.js:965:74)
    at performUnitOfWork (http://localhost:3000/_next/static/chunks/01~n_next_dist_compiled_react-dom_04uvg04._.js:9555:97)
    at workLoopSync (http://localhost:3000/_next/static/chunks/01~n_next_dist_compiled_react-dom_04uvg04._.js:9449:40)
    at renderRootSync (http://localhost:3000/_next/static/chunks/01~n_next_dist_compiled_react-dom_04uvg04._.js:9433:13)
    at performWorkOnRoot (http://localhost:3000/_next/static/chunks/01~n_next_dist_compiled_react-dom_04uvg04._.js:9061:186)
    at performSyncWorkOnRoot (http://localhost:3000/_next/static/chunks/01~n_next_dist_compiled_react-dom_04uvg04._.js:10263:9)
    at flushSyncWorkAcrossRoots_impl (http://localhost:3000/_next/static/chunks/01~n_next_dist_compiled_react-dom_04uvg04._.js:10179:316)
    at processRootScheduleInMicrotask (http://localhost:3000/_next/static/chunks/01~n_next_dist_compiled_react-dom_04uvg04._.js:10200:106)
    at http://localhost:3000/_next/static/chunks/01~n_next_dist_compiled_react-dom_04uvg04._.js:10274:158 @ http://localhost:3000/_next/static/chunks/01~n_next_dist_04n3ww~._.js:3272
[   25476ms] [LOG] [Fast Refresh] rebuilding @ http://localhost:3000/_next/static/chunks/01~n_next_dist_04n3ww~._.js:2431
[   25752ms] [LOG] [Fast Refresh] done in 376ms @ http://localhost:3000/_next/static/chunks/01~n_next_dist_04n3ww~._.js:2431
[   44511ms] [LOG] [Fast Refresh] rebuilding @ http://localhost:3000/_next/static/chunks/01~n_next_dist_04n3ww~._.js:2431
[   45131ms] [LOG] [Fast Refresh] done in 586ms @ http://localhost:3000/_next/static/chunks/01~n_next_dist_04n3ww~._.js:2431
[   45920ms] [LOG] [Fast Refresh] rebuilding @ http://localhost:3000/_next/static/chunks/01~n_next_dist_04n3ww~._.js:2431
[   46216ms] [LOG] [Fast Refresh] done in 411ms @ http://localhost:3000/_next/static/chunks/01~n_next_dist_04n3ww~._.js:2431
[   61191ms] [LOG] [Fast Refresh] rebuilding @ http://localhost:3000/_next/static/chunks/01~n_next_dist_04n3ww~._.js:2431
[   61973ms] [LOG] [Fast Refresh] done in 879ms @ http://localhost:3000/_next/static/chunks/01~n_next_dist_04n3ww~._.js:2431
[   62082ms] [LOG] [Fast Refresh] rebuilding @ http://localhost:3000/_next/static/chunks/01~n_next_dist_04n3ww~._.js:2431
[   62178ms] [LOG] [Fast Refresh] done in 202ms @ http://localhost:3000/_next/static/chunks/01~n_next_dist_04n3ww~._.js:2431
