[       5ms] [INFO] %c[13:58:48] ℹ️ [INFO] [scheduler] Stopping task scheduler... color: #3B82F6 @ http://localhost:3000/_next/static/chunks/01~n_next_dist_04n3ww~._.js:2431
[       6ms] [INFO] %c[13:58:48] ℹ️ [INFO] [scheduler] Task scheduler stopped color: #3B82F6 @ http://localhost:3000/_next/static/chunks/01~n_next_dist_04n3ww~._.js:2431
[       6ms] [INFO] %c[13:58:48] ℹ️ [INFO] [scheduler] [Scheduler] Scheduler system stopped color: #3B82F6 @ http://localhost:3000/_next/static/chunks/01~n_next_dist_04n3ww~._.js:2431
[     126ms] [LOG] [Fast Refresh] rebuilding @ http://localhost:3000/_next/static/chunks/01~n_next_dist_04n3ww~._.js:2431
[     836ms] [LOG] [Fast Refresh] done in 822ms @ http://localhost:3000/_next/static/chunks/01~n_next_dist_04n3ww~._.js:2431
[     920ms] [INFO] %cDownload the React DevTools for a better development experience: https://react.dev/link/react-devtools font-weight:bold @ http://localhost:3000/_next/static/chunks/01~n_next_dist_04n3ww~._.js:2431
[     976ms] [LOG] [HMR] connected @ http://localhost:3000/_next/static/chunks/01~n_next_dist_04n3ww~._.js:2431
[    1260ms] [INFO] %c[13:58:49] ℹ️ [INFO] [scheduler] Registered executor for task type: chat color: #3B82F6 @ http://localhost:3000/_next/static/chunks/01~n_next_dist_04n3ww~._.js:2431
[    1262ms] [INFO] %c[13:58:49] ℹ️ [INFO] [scheduler] Registered executor for task type: agent color: #3B82F6 @ http://localhost:3000/_next/static/chunks/01~n_next_dist_04n3ww~._.js:2431
[    1262ms] [INFO] %c[13:58:49] ℹ️ [INFO] [scheduler] Registered executor for task type: skill color: #3B82F6 @ http://localhost:3000/_next/static/chunks/01~n_next_dist_04n3ww~._.js:2431
[    1262ms] [INFO] %c[13:58:49] ℹ️ [INFO] [scheduler] Registered executor for task type: script color: #3B82F6 @ http://localhost:3000/_next/static/chunks/01~n_next_dist_04n3ww~._.js:2431
[    1262ms] [INFO] %c[13:58:49] ℹ️ [INFO] [scheduler] Registered executor for task type: plugin color: #3B82F6 @ http://localhost:3000/_next/static/chunks/01~n_next_dist_04n3ww~._.js:2431
[    1262ms] [INFO] %c[13:58:49] ℹ️ [INFO] [scheduler] Registered executor for task type: backup color: #3B82F6 @ http://localhost:3000/_next/static/chunks/01~n_next_dist_04n3ww~._.js:2431
[    1262ms] [INFO] %c[13:58:49] ℹ️ [INFO] [scheduler] Registered executor for task type: custom color: #3B82F6 @ http://localhost:3000/_next/static/chunks/01~n_next_dist_04n3ww~._.js:2431
[    1263ms] [INFO] %c[13:58:49] ℹ️ [INFO] [scheduler] Registered executor for task type: external-agent color: #3B82F6 @ http://localhost:3000/_next/static/chunks/01~n_next_dist_04n3ww~._.js:2431
[    1263ms] [INFO] %c[13:58:49] ℹ️ [INFO] [scheduler] Registered executor for task type: twin color: #3B82F6 @ http://localhost:3000/_next/static/chunks/01~n_next_dist_04n3ww~._.js:2431
[    1263ms] [INFO] %c[13:58:49] ℹ️ [INFO] [scheduler] Built-in scheduler executors registered: chat, agent, skill, script, plugin, backup, custom, external-agent, twin color: #3B82F6 @ http://localhost:3000/_next/static/chunks/01~n_next_dist_04n3ww~._.js:2431
[    1263ms] [INFO] %c[13:58:49] ℹ️ [INFO] [scheduler] Initializing task scheduler... color: #3B82F6 @ http://localhost:3000/_next/static/chunks/01~n_next_dist_04n3ww~._.js:2431
[    1264ms] [INFO] %c[13:58:49] ℹ️ [INFO] [scheduler] This tab lost leadership — unscheduling all tasks color: #3B82F6 @ http://localhost:3000/_next/static/chunks/01~n_next_dist_04n3ww~._.js:2431
[    1264ms] [INFO] %c[13:58:49] ℹ️ [INFO] [scheduler] Task scheduler initialized successfully color: #3B82F6 @ http://localhost:3000/_next/static/chunks/01~n_next_dist_04n3ww~._.js:2431
[    1265ms] [INFO] %c[13:58:49] ℹ️ [INFO] [scheduler] [Scheduler] Scheduler system initialized color: #3B82F6 @ http://localhost:3000/_next/static/chunks/01~n_next_dist_04n3ww~._.js:2431
[    1290ms] [INFO] %c[13:58:49] ℹ️ [INFO] [scheduler] [TabLock] Tab tab-1778133529796-0adwge is now LEADER color: #3B82F6 @ http://localhost:3000/_next/static/chunks/01~n_next_dist_04n3ww~._.js:2431
[    1290ms] [INFO] %c[13:58:49] ℹ️ [INFO] [scheduler] This tab became leader — scheduling all active tasks color: #3B82F6 @ http://localhost:3000/_next/static/chunks/01~n_next_dist_04n3ww~._.js:2431
[    1303ms] [INFO] %c[13:58:49] ℹ️ [INFO] [scheduler] Found 0 active tasks to schedule color: #3B82F6 @ http://localhost:3000/_next/static/chunks/01~n_next_dist_04n3ww~._.js:2431
[    1311ms] [INFO] %c[13:58:49] ℹ️ [INFO] [scheduler] [SchedulerInitializer] Scheduler system stopped color: #3B82F6 @ http://localhost:3000/_next/static/chunks/01~n_next_dist_04n3ww~._.js:2431
[    1311ms] [INFO] %c[13:58:49] ℹ️ [INFO] [scheduler] [SchedulerInitializer] Scheduler system initialized color: #3B82F6 @ http://localhost:3000/_next/static/chunks/01~n_next_dist_04n3ww~._.js:2431
[    1312ms] [INFO] %c[13:58:49] ℹ️ [INFO] [scheduler] Stopping task scheduler... color: #3B82F6 @ http://localhost:3000/_next/static/chunks/01~n_next_dist_04n3ww~._.js:2431
[    1312ms] [INFO] %c[13:58:49] ℹ️ [INFO] [scheduler] [TabLock] Tab tab-1778133529796-0adwge is now FOLLOWER color: #3B82F6 @ http://localhost:3000/_next/static/chunks/01~n_next_dist_04n3ww~._.js:2431
[    1312ms] [INFO] %c[13:58:49] ℹ️ [INFO] [scheduler] Task scheduler stopped color: #3B82F6 @ http://localhost:3000/_next/static/chunks/01~n_next_dist_04n3ww~._.js:2431
[    1312ms] [INFO] %c[13:58:49] ℹ️ [INFO] [scheduler] [Scheduler] Scheduler system stopped color: #3B82F6 @ http://localhost:3000/_next/static/chunks/01~n_next_dist_04n3ww~._.js:2431
[    1344ms] [LOG] [Fast Refresh] rebuilding @ http://localhost:3000/_next/static/chunks/01~n_next_dist_04n3ww~._.js:2431
[    1356ms] [LOG] [Fast Refresh] done in 121ms @ http://localhost:3000/_next/static/chunks/01~n_next_dist_04n3ww~._.js:2431
[    1618ms] [VERBOSE] [DOM] Password field is not contained in a form: (More info: https://goo.gl/9p2vKq) %o @ http://localhost:3000/settings?section=providers:0
[    4321ms] [LOG] [Fast Refresh] rebuilding @ http://localhost:3000/_next/static/chunks/01~n_next_dist_04n3ww~._.js:2431
[    4764ms] [LOG] [Fast Refresh] done in 548ms @ http://localhost:3000/_next/static/chunks/01~n_next_dist_04n3ww~._.js:2431
[   24441ms] [LOG] [Fast Refresh] rebuilding @ http://localhost:3000/_next/static/chunks/01~n_next_dist_04n3ww~._.js:2431
[   24854ms] [LOG] [Fast Refresh] done in 491ms @ http://localhost:3000/_next/static/chunks/01~n_next_dist_04n3ww~._.js:2431
[   67566ms] [LOG] [Fast Refresh] rebuilding @ http://localhost:3000/_next/static/chunks/01~n_next_dist_04n3ww~._.js:2431
[   67874ms] [LOG] [Fast Refresh] done in 410ms @ http://localhost:3000/_next/static/chunks/01~n_next_dist_04n3ww~._.js:2431
[   77837ms] [LOG] [Fast Refresh] rebuilding @ http://localhost:3000/_next/static/chunks/01~n_next_dist_04n3ww~._.js:2431
[   78185ms] [LOG] [Fast Refresh] done in 456ms @ http://localhost:3000/_next/static/chunks/01~n_next_dist_04n3ww~._.js:2431
[   92631ms] [LOG] [Fast Refresh] rebuilding @ http://localhost:3000/_next/static/chunks/01~n_next_dist_04n3ww~._.js:2431
[   92947ms] [LOG] [Fast Refresh] done in 411ms @ http://localhost:3000/_next/static/chunks/01~n_next_dist_04n3ww~._.js:2431
[  190374ms] [LOG] [Fast Refresh] rebuilding @ http://localhost:3000/_next/static/chunks/01~n_next_dist_04n3ww~._.js:2431
[  190706ms] [LOG] [Fast Refresh] done in 443ms @ http://localhost:3000/_next/static/chunks/01~n_next_dist_04n3ww~._.js:2431
