   Compiling proc-macro2 v1.0.107
   Compiling quote v1.0.47
   Compiling shlex v2.0.1
   Compiling unicode-ident v1.0.24
   Compiling find-msvc-tools v0.1.11
   Compiling libc v0.2.189
   Compiling serde_core v1.0.229
   Compiling vcpkg v0.2.15
   Compiling pkg-config v0.3.34
   Compiling parking_lot_core v0.9.12
   Compiling foldhash v0.1.5
   Compiling zmij v1.0.23
   Compiling smallvec v1.15.2
   Compiling scopeguard v1.2.0
   Compiling cc v1.4.3
   Compiling hashbrown v0.15.5
   Compiling serde v1.0.229
   Compiling serde_json v1.0.151
   Compiling cfg-if v1.0.4
   Compiling lock_api v0.4.14
   Compiling fallible-streaming-iterator v0.1.9
   Compiling itoa v1.0.18
   Compiling memchr v2.8.3
   Compiling pin-project-lite v0.2.17
   Compiling bitflags v2.13.1
   Compiling fallible-iterator v0.3.0
   Compiling tokio v1.53.1
   Compiling hashlink v0.10.0
   Compiling log v0.4.33
   Compiling once_cell v1.21.4
   Compiling libsqlite3-sys v0.35.0
   Compiling parking_lot v0.12.5
   Compiling syn v3.0.3
   Compiling serde_derive v1.0.229
   Compiling rusqlite v0.37.0
   Compiling cognia-session-store-evidence v0.1.0 (/var/folders/h3/mypbg9ks5cj9ht4p61ffnwz40000gn/T/cognia-store-evidence-kxhskk79/before)
    Finished `release` profile [optimized + debuginfo] target(s) in 23.38s
