  Using tsconfig file: tsconfig.build.json
PASS jsdom components/source-control/sheet-width.test.ts
PASS jsdom components/source-control/status-decoration.test.ts
PASS jsdom components/source-control/timeline-view.test.tsx
  ● Console

    console.error
      An update to TimelineView inside a test was not wrapped in act(...).
      
      When testing, code that causes React state updates should be wrapped into act(...):
      
      act(() => {
        /* fire events that update state */
      });
      /* assert on the output */
      
      This ensures that you're testing the behavior the user would see in the browser. Learn more at https://react.dev/link/wrap-tests-with-act

      90 |         if (!alive) return
      91 |         deliver(data)
    > 92 |         setSettled({ key, attempt, data, error: null })
         |         ^
      93 |       },
      94 |       (error: unknown) => {
      95 |         if (!alive) return

      at node_modules/.pnpm/react-dom@19.3.0_react@19.3.0/node_modules/react-dom/cjs/react-dom-client.development.js:20466:19
      at runWithFiberInDEV (node_modules/.pnpm/react-dom@19.3.0_react@19.3.0/node_modules/react-dom/cjs/react-dom-client.development.js:1048:13)
      at warnIfUpdatesNotWrappedWithActDEV (node_modules/.pnpm/react-dom@19.3.0_react@19.3.0/node_modules/react-dom/cjs/react-dom-client.development.js:20465:9)
      at scheduleUpdateOnFiber (node_modules/.pnpm/react-dom@19.3.0_react@19.3.0/node_modules/react-dom/cjs/react-dom-client.development.js:17920:11)
      at dispatchSetStateInternal (node_modules/.pnpm/react-dom@19.3.0_react@19.3.0/node_modules/react-dom/cjs/react-dom-client.development.js:9556:13)
      at dispatchSetState (node_modules/.pnpm/react-dom@19.3.0_react@19.3.0/node_modules/react-dom/cjs/react-dom-client.development.js:9513:7)
      at setSettled (hooks/git/use-git-read.ts:92:9)

    console.error
      An update to TimelineView inside a test was not wrapped in act(...).
      
      When testing, code that causes React state updates should be wrapped into act(...):
      
      act(() => {
        /* fire events that update state */
      });
      /* assert on the output */
      
      This ensures that you're testing the behavior the user would see in the browser. Learn more at https://react.dev/link/wrap-tests-with-act

       96 |         // Keep a same-key answer: a failed background refresh must not blank
       97 |         // the last good result, only say that refreshing it failed.
    >  98 |         setSettled((prev) => ({
          |         ^
       99 |           key,
      100 |           attempt,
      101 |           data: prev?.key === key ? prev.data : undefined,

      at node_modules/.pnpm/react-dom@19.3.0_react@19.3.0/node_modules/react-dom/cjs/react-dom-client.development.js:20466:19
      at runWithFiberInDEV (node_modules/.pnpm/react-dom@19.3.0_react@19.3.0/node_modules/react-dom/cjs/react-dom-client.development.js:1048:13)
      at warnIfUpdatesNotWrappedWithActDEV (node_modules/.pnpm/react-dom@19.3.0_react@19.3.0/node_modules/react-dom/cjs/react-dom-client.development.js:20465:9)
      at scheduleUpdateOnFiber (node_modules/.pnpm/react-dom@19.3.0_react@19.3.0/node_modules/react-dom/cjs/react-dom-client.development.js:17920:11)
      at dispatchSetStateInternal (node_modules/.pnpm/react-dom@19.3.0_react@19.3.0/node_modules/react-dom/cjs/react-dom-client.development.js:9556:13)
      at dispatchSetState (node_modules/.pnpm/react-dom@19.3.0_react@19.3.0/node_modules/react-dom/cjs/react-dom-client.development.js:9513:7)
      at setSettled (hooks/git/use-git-read.ts:98:9)

PASS jsdom components/source-control/branch-picker.test.tsx
PASS jsdom components/source-control/source-control-panel.test.tsx
PASS jsdom components/source-control/unified-review-sheet.test.tsx
PASS jsdom components/source-control/diff-viewer.test.tsx
PASS jsdom components/source-control/repository-navigator.test.tsx
PASS node lib/integrations/github-vertical.test.ts
PASS node lib/integrations/github-webhook.test.ts
PASS jsdom components/source-control/changes-view.test.tsx
PASS jsdom components/source-control/clone-repository-dialog.test.tsx
PASS jsdom components/source-control/sync-toolbar.test.tsx
PASS jsdom components/source-control/status-bar-branch.test.tsx
PASS jsdom components/source-control/git-identity-dialog.test.tsx
PASS jsdom components/source-control/interactive-rebase-dialog.test.tsx
PASS jsdom components/source-control/commit-detail.test.tsx
PASS jsdom components/source-control/stack-panel.test.tsx
PASS jsdom components/source-control/branch-header.test.tsx
PASS jsdom components/source-control/git-ref-select.test.tsx
PASS jsdom components/source-control/diff-pane.test.tsx
  ● Console

    console.error
      The current testing environment is not configured to support act(...)

      at isConcurrentActEnvironment (node_modules/.pnpm/react-dom@19.3.0_react@19.3.0/node_modules/react-dom/cjs/react-dom-client.development.js:17819:17)
      at warnIfUpdatesNotWrappedWithActDEV (node_modules/.pnpm/react-dom@19.3.0_react@19.3.0/node_modules/react-dom/cjs/react-dom-client.development.js:20463:7)
      at scheduleUpdateOnFiber (node_modules/.pnpm/react-dom@19.3.0_react@19.3.0/node_modules/react-dom/cjs/react-dom-client.development.js:17920:11)
      at dispatchSetStateInternal (node_modules/.pnpm/react-dom@19.3.0_react@19.3.0/node_modules/react-dom/cjs/react-dom-client.development.js:9556:13)
      at dispatchSetState (node_modules/.pnpm/react-dom@19.3.0_react@19.3.0/node_modules/react-dom/cjs/react-dom-client.development.js:9513:7)
      at node_modules/.pnpm/@radix-ui+react-presence@1.1.10_@types+react-dom@19.3.0_@types+react@19.3.0__@types+rea_2fe228634386b203c3622b9fd60e1034/node_modules/@radix-ui/react-presence/src/presence.tsx:184:7
      at setRef (node_modules/.pnpm/@radix-ui+react-presence@1.1.10_@types+react-dom@19.3.0_@types+react@19.3.0__@types+rea_2fe228634386b203c3622b9fd60e1034/node_modules/@radix-ui/react-presence/src/presence.tsx:195:12)
      at node_modules/.pnpm/@radix-ui+react-presence@1.1.10_@types+react-dom@19.3.0_@types+react@19.3.0__@types+rea_2fe228634386b203c3622b9fd60e1034/node_modules/@radix-ui/react-presence/src/presence.tsx:225:23
          at Array.map (<anonymous>)
      at node_modules/.pnpm/@radix-ui+react-presence@1.1.10_@types+react-dom@19.3.0_@types+react@19.3.0__@types+rea_2fe228634386b203c3622b9fd60e1034/node_modules/@radix-ui/react-presence/src/presence.tsx:224:34
      at setRef (node_modules/.pnpm/@radix-ui+react-compose-refs@1.1.5_@types+react@19.3.0_react@19.3.0/node_modules/@radix-ui/react-compose-refs/src/compose-refs.tsx:11:12)
      at node_modules/.pnpm/@radix-ui+react-compose-refs@1.1.5_@types+react@19.3.0_react@19.3.0/node_modules/@radix-ui/react-compose-refs/src/compose-refs.tsx:25:23
          at Array.map (<anonymous>)
      at node_modules/.pnpm/@radix-ui+react-compose-refs@1.1.5_@types+react@19.3.0_react@19.3.0/node_modules/@radix-ui/react-compose-refs/src/compose-refs.tsx:24:27
      at runWithFiberInDEV (node_modules/.pnpm/react-dom@19.3.0_react@19.3.0/node_modules/react-dom/cjs/react-dom-client.development.js:1048:13)
      at safelyDetachRef (node_modules/.pnpm/react-dom@19.3.0_react@19.3.0/node_modules/react-dom/cjs/react-dom-client.development.js:14046:37)
      at commitDeletionEffectsOnFiber (node_modules/.pnpm/react-dom@19.3.0_react@19.3.0/node_modules/react-dom/cjs/react-dom-client.development.js:15481:13)
      at recursivelyTraverseDeletionEffects (node_modules/.pnpm/react-dom@19.3.0_react@19.3.0/node_modules/react-dom/cjs/react-dom-client.development.js:15409:9)
      at commitDeletionEffectsOnFiber (node_modules/.pnpm/react-dom@19.3.0_react@19.3.0/node_modules/react-dom/cjs/react-dom-client.development.js:15573:11)
      at recursivelyTraverseDeletionEffects (node_modules/.pnpm/react-dom@19.3.0_react@19.3.0/node_modules/react-dom/cjs/react-dom-client.development.js:15409:9)
      at commitDeletionEffectsOnFiber (node_modules/.pnpm/react-dom@19.3.0_react@19.3.0/node_modules/react-dom/cjs/react-dom-client.development.js:15573:11)
      at recursivelyTraverseDeletionEffects (node_modules/.pnpm/react-dom@19.3.0_react@19.3.0/node_modules/react-dom/cjs/react-dom-client.development.js:15409:9)
      at commitDeletionEffectsOnFiber (node_modules/.pnpm/react-dom@19.3.0_react@19.3.0/node_modules/react-dom/cjs/react-dom-client.development.js:15573:11)
      at recursivelyTraverseDeletionEffects (node_modules/.pnpm/react-dom@19.3.0_react@19.3.0/node_modules/react-dom/cjs/react-dom-client.development.js:15409:9)
      at commitDeletionEffectsOnFiber (node_modules/.pnpm/react-dom@19.3.0_react@19.3.0/node_modules/react-dom/cjs/react-dom-client.development.js:15573:11)
      at recursivelyTraverseDeletionEffects (node_modules/.pnpm/react-dom@19.3.0_react@19.3.0/node_modules/react-dom/cjs/react-dom-client.development.js:15409:9)
      at commitDeletionEffectsOnFiber (node_modules/.pnpm/react-dom@19.3.0_react@19.3.0/node_modules/react-dom/cjs/react-dom-client.development.js:15573:11)
      at recursivelyTraverseDeletionEffects (node_modules/.pnpm/react-dom@19.3.0_react@19.3.0/node_modules/react-dom/cjs/react-dom-client.development.js:15409:9)
      at commitDeletionEffectsOnFiber (node_modules/.pnpm/react-dom@19.3.0_react@19.3.0/node_modules/react-dom/cjs/react-dom-client.development.js:15489:11)
      at recursivelyTraverseDeletionEffects (node_modules/.pnpm/react-dom@19.3.0_react@19.3.0/node_modules/react-dom/cjs/react-dom-client.development.js:15409:9)
      at commitDeletionEffectsOnFiber (node_modules/.pnpm/react-dom@19.3.0_react@19.3.0/node_modules/react-dom/cjs/react-dom-client.development.js:15573:11)
      at recursivelyTraverseDeletionEffects (node_modules/.pnpm/react-dom@19.3.0_react@19.3.0/node_modules/react-dom/cjs/react-dom-client.development.js:15409:9)
      at commitDeletionEffectsOnFiber (node_modules/.pnpm/react-dom@19.3.0_react@19.3.0/node_modules/react-dom/cjs/react-dom-client.development.js:15633:11)
      at recursivelyTraverseDeletionEffects (node_modules/.pnpm/react-dom@19.3.0_react@19.3.0/node_modules/react-dom/cjs/react-dom-client.development.js:15409:9)
      at commitDeletionEffectsOnFiber (node_modules/.pnpm/react-dom@19.3.0_react@19.3.0/node_modules/react-dom/cjs/react-dom-client.development.js:15573:11)
      at recursivelyTraverseDeletionEffects (node_modules/.pnpm/react-dom@19.3.0_react@19.3.0/node_modules/react-dom/cjs/react-dom-client.development.js:15409:9)
      at commitDeletionEffectsOnFiber (node_modules/.pnpm/react-dom@19.3.0_react@19.3.0/node_modules/react-dom/cjs/react-dom-client.development.js:15573:11)
      at recursivelyTraverseDeletionEffects (node_modules/.pnpm/react-dom@19.3.0_react@19.3.0/node_modules/react-dom/cjs/react-dom-client.development.js:15409:9)
      at commitDeletionEffectsOnFiber (node_modules/.pnpm/react-dom@19.3.0_react@19.3.0/node_modules/react-dom/cjs/react-dom-client.development.js:15573:11)
      at recursivelyTraverseDeletionEffects (node_modules/.pnpm/react-dom@19.3.0_react@19.3.0/node_modules/react-dom/cjs/react-dom-client.development.js:15409:9)
      at commitDeletionEffectsOnFiber (node_modules/.pnpm/react-dom@19.3.0_react@19.3.0/node_modules/react-dom/cjs/react-dom-client.development.js:15489:11)
      at recursivelyTraverseDeletionEffects (node_modules/.pnpm/react-dom@19.3.0_react@19.3.0/node_modules/react-dom/cjs/react-dom-client.development.js:15409:9)
      at commitDeletionEffectsOnFiber (node_modules/.pnpm/react-dom@19.3.0_react@19.3.0/node_modules/react-dom/cjs/react-dom-client.development.js:15573:11)
      at recursivelyTraverseDeletionEffects (node_modules/.pnpm/react-dom@19.3.0_react@19.3.0/node_modules/react-dom/cjs/react-dom-client.development.js:15409:9)
      at commitDeletionEffectsOnFiber (node_modules/.pnpm/react-dom@19.3.0_react@19.3.0/node_modules/react-dom/cjs/react-dom-client.development.js:15626:11)
      at recursivelyTraverseDeletionEffects (node_modules/.pnpm/react-dom@19.3.0_react@19.3.0/node_modules/react-dom/cjs/react-dom-client.development.js:15409:9)
      at commitDeletionEffectsOnFiber (node_modules/.pnpm/react-dom@19.3.0_react@19.3.0/node_modules/react-dom/cjs/react-dom-client.development.js:15489:11)
      at recursivelyTraverseDeletionEffects (node_modules/.pnpm/react-dom@19.3.0_react@19.3.0/node_modules/react-dom/cjs/react-dom-client.development.js:15409:9)
      at commitDeletionEffectsOnFiber (node_modules/.pnpm/react-dom@19.3.0_react@19.3.0/node_modules/react-dom/cjs/react-dom-client.development.js:15489:11)
      at recursivelyTraverseDeletionEffects (node_modules/.pnpm/react-dom@19.3.0_react@19.3.0/node_modules/react-dom/cjs/react-dom-client.development.js:15409:9)
      at commitDeletionEffectsOnFiber (node_modules/.pnpm/react-dom@19.3.0_react@19.3.0/node_modules/react-dom/cjs/react-dom-client.development.js:15573:11)
      at recursivelyTraverseDeletionEffects (node_modules/.pnpm/react-dom@19.3.0_react@19.3.0/node_modules/react-dom/cjs/react-dom-client.development.js:15409:9)
      at commitDeletionEffectsOnFiber (node_modules/.pnpm/react-dom@19.3.0_react@19.3.0/node_modules/react-dom/cjs/react-dom-client.development.js:15489:11)
      at recursivelyTraverseDeletionEffects (node_modules/.pnpm/react-dom@19.3.0_react@19.3.0/node_modules/react-dom/cjs/react-dom-client.development.js:15409:9)
      at commitDeletionEffectsOnFiber (node_modules/.pnpm/react-dom@19.3.0_react@19.3.0/node_modules/react-dom/cjs/react-dom-client.development.js:15573:11)
      at recursivelyTraverseDeletionEffects (node_modules/.pnpm/react-dom@19.3.0_react@19.3.0/node_modules/react-dom/cjs/react-dom-client.development.js:15409:9)
      at commitDeletionEffectsOnFiber (node_modules/.pnpm/react-dom@19.3.0_react@19.3.0/node_modules/react-dom/cjs/react-dom-client.development.js:15489:11)
      at recursivelyTraverseDeletionEffects (node_modules/.pnpm/react-dom@19.3.0_react@19.3.0/node_modules/react-dom/cjs/react-dom-client.development.js:15409:9)
      at commitDeletionEffectsOnFiber (node_modules/.pnpm/react-dom@19.3.0_react@19.3.0/node_modules/react-dom/cjs/react-dom-client.development.js:15573:11)
      at recursivelyTraverseMutationEffects (node_modules/.pnpm/react-dom@19.3.0_react@19.3.0/node_modules/react-dom/cjs/react-dom-client.development.js:15773:11)
      at commitMutationEffectsOnFiber (node_modules/.pnpm/react-dom@19.3.0_react@19.3.0/node_modules/react-dom/cjs/react-dom-client.development.js:15819:11)
      at recursivelyTraverseMutationEffects (node_modules/.pnpm/react-dom@19.3.0_react@19.3.0/node_modules/react-dom/cjs/react-dom-client.development.js:15794:11)
      at commitMutationEffectsOnFiber (node_modules/.pnpm/react-dom@19.3.0_react@19.3.0/node_modules/react-dom/cjs/react-dom-client.development.js:16111:11)
      at flushMutationEffects (node_modules/.pnpm/react-dom@19.3.0_react@19.3.0/node_modules/react-dom/cjs/react-dom-client.development.js:19680:13)
      at commitRoot (node_modules/.pnpm/react-dom@19.3.0_react@19.3.0/node_modules/react-dom/cjs/react-dom-client.development.js:19605:12)
      at completeRoot (node_modules/.pnpm/react-dom@19.3.0_react@19.3.0/node_modules/react-dom/cjs/react-dom-client.development.js:19509:9)
      at performWorkOnRoot (node_modules/.pnpm/react-dom@19.3.0_react@19.3.0/node_modules/react-dom/cjs/react-dom-client.development.js:18182:15)
      at performSyncWorkOnRoot (node_modules/.pnpm/react-dom@19.3.0_react@19.3.0/node_modules/react-dom/cjs/react-dom-client.development.js:20680:7)
      at flushSyncWorkAcrossRoots_impl (node_modules/.pnpm/react-dom@19.3.0_react@19.3.0/node_modules/react-dom/cjs/react-dom-client.development.js:20522:21)
      at processRootScheduleInMicrotask (node_modules/.pnpm/react-dom@19.3.0_react@19.3.0/node_modules/react-dom/cjs/react-dom-client.development.js:20561:9)
      at node_modules/.pnpm/react-dom@19.3.0_react@19.3.0/node_modules/react-dom/cjs/react-dom-client.development.js:20699:13
      at invokeTheCallbackFunction (node_modules/.pnpm/jsdom@26.1.0_supports-color@8.1.1/node_modules/jsdom/lib/jsdom/living/generated/Function.js:19:26)
      at node_modules/.pnpm/jsdom@26.1.0_supports-color@8.1.1/node_modules/jsdom/lib/jsdom/browser/Window.js:613:9

    console.error
      The current testing environment is not configured to support act(...)

      at isConcurrentActEnvironment (node_modules/.pnpm/react-dom@19.3.0_react@19.3.0/node_modules/react-dom/cjs/react-dom-client.development.js:17819:17)
      at warnIfUpdatesNotWrappedWithActDEV (node_modules/.pnpm/react-dom@19.3.0_react@19.3.0/node_modules/react-dom/cjs/react-dom-client.development.js:20463:7)
      at scheduleUpdateOnFiber (node_modules/.pnpm/react-dom@19.3.0_react@19.3.0/node_modules/react-dom/cjs/react-dom-client.development.js:17920:11)
      at dispatchSetStateInternal (node_modules/.pnpm/react-dom@19.3.0_react@19.3.0/node_modules/react-dom/cjs/react-dom-client.development.js:9556:13)
      at dispatchSetState (node_modules/.pnpm/react-dom@19.3.0_react@19.3.0/node_modules/react-dom/cjs/react-dom-client.development.js:9513:7)
      at node_modules/.pnpm/@radix-ui+react-presence@1.1.10_@types+react-dom@19.3.0_@types+react@19.3.0__@types+rea_2fe228634386b203c3622b9fd60e1034/node_modules/@radix-ui/react-presence/src/presence.tsx:184:7
      at setRef (node_modules/.pnpm/@radix-ui+react-presence@1.1.10_@types+react-dom@19.3.0_@types+react@19.3.0__@types+rea_2fe228634386b203c3622b9fd60e1034/node_modules/@radix-ui/react-presence/src/presence.tsx:195:12)
      at node_modules/.pnpm/@radix-ui+react-presence@1.1.10_@types+react-dom@19.3.0_@types+react@19.3.0__@types+rea_2fe228634386b203c3622b9fd60e1034/node_modules/@radix-ui/react-presence/src/presence.tsx:225:23
          at Array.map (<anonymous>)
      at node_modules/.pnpm/@radix-ui+react-presence@1.1.10_@types+react-dom@19.3.0_@types+react@19.3.0__@types+rea_2fe228634386b203c3622b9fd60e1034/node_modules/@radix-ui/react-presence/src/presence.tsx:224:34
      at setRef (node_modules/.pnpm/@radix-ui+react-compose-refs@1.1.5_@types+react@19.3.0_react@19.3.0/node_modules/@radix-ui/react-compose-refs/src/compose-refs.tsx:11:12)
      at node_modules/.pnpm/@radix-ui+react-compose-refs@1.1.5_@types+react@19.3.0_react@19.3.0/node_modules/@radix-ui/react-compose-refs/src/compose-refs.tsx:25:23
          at Array.map (<anonymous>)
      at node_modules/.pnpm/@radix-ui+react-compose-refs@1.1.5_@types+react@19.3.0_react@19.3.0/node_modules/@radix-ui/react-compose-refs/src/compose-refs.tsx:24:27
      at commitAttachRef (node_modules/.pnpm/react-dom@19.3.0_react@19.3.0/node_modules/react-dom/cjs/react-dom-client.development.js:13999:44)
      at runWithFiberInDEV (node_modules/.pnpm/react-dom@19.3.0_react@19.3.0/node_modules/react-dom/cjs/react-dom-client.development.js:1048:13)
      at safelyAttachRef (node_modules/.pnpm/react-dom@19.3.0_react@19.3.0/node_modules/react-dom/cjs/react-dom-client.development.js:14017:9)
      at commitLayoutEffectOnFiber (node_modules/.pnpm/react-dom@19.3.0_react@19.3.0/node_modules/react-dom/cjs/react-dom-client.development.js:15179:26)
      at recursivelyTraverseLayoutEffects (node_modules/.pnpm/react-dom@19.3.0_react@19.3.0/node_modules/react-dom/cjs/react-dom-client.development.js:16482:11)
      at commitLayoutEffectOnFiber (node_modules/.pnpm/react-dom@19.3.0_react@19.3.0/node_modules/react-dom/cjs/react-dom-client.development.js:15039:11)
      at recursivelyTraverseLayoutEffects (node_modules/.pnpm/react-dom@19.3.0_react@19.3.0/node_modules/react-dom/cjs/react-dom-client.development.js:16482:11)
      at commitLayoutEffectOnFiber (node_modules/.pnpm/react-dom@19.3.0_react@19.3.0/node_modules/react-dom/cjs/react-dom-client.development.js:15039:11)
      at recursivelyTraverseLayoutEffects (node_modules/.pnpm/react-dom@19.3.0_react@19.3.0/node_modules/react-dom/cjs/react-dom-client.development.js:16482:11)
      at commitLayoutEffectOnFiber (node_modules/.pnpm/react-dom@19.3.0_react@19.3.0/node_modules/react-dom/cjs/react-dom-client.development.js:15039:11)
      at recursivelyTraverseLayoutEffects (node_modules/.pnpm/react-dom@19.3.0_react@19.3.0/node_modules/react-dom/cjs/react-dom-client.development.js:16482:11)
      at commitLayoutEffectOnFiber (node_modules/.pnpm/react-dom@19.3.0_react@19.3.0/node_modules/react-dom/cjs/react-dom-client.development.js:15039:11)
      at recursivelyTraverseLayoutEffects (node_modules/.pnpm/react-dom@19.3.0_react@19.3.0/node_modules/react-dom/cjs/react-dom-client.development.js:16482:11)
      at commitLayoutEffectOnFiber (node_modules/.pnpm/react-dom@19.3.0_react@19.3.0/node_modules/react-dom/cjs/react-dom-client.development.js:15039:11)
      at recursivelyTraverseLayoutEffects (node_modules/.pnpm/react-dom@19.3.0_react@19.3.0/node_modules/react-dom/cjs/react-dom-client.development.js:16482:11)
      at commitLayoutEffectOnFiber (node_modules/.pnpm/react-dom@19.3.0_react@19.3.0/node_modules/react-dom/cjs/react-dom-client.development.js:15155:11)
      at recursivelyTraverseLayoutEffects (node_modules/.pnpm/react-dom@19.3.0_react@19.3.0/node_modules/react-dom/cjs/react-dom-client.development.js:16482:11)
      at commitLayoutEffectOnFiber (node_modules/.pnpm/react-dom@19.3.0_react@19.3.0/node_modules/react-dom/cjs/react-dom-client.development.js:15039:11)
      at recursivelyTraverseLayoutEffects (node_modules/.pnpm/react-dom@19.3.0_react@19.3.0/node_modules/react-dom/cjs/react-dom-client.development.js:16482:11)
      at commitLayoutEffectOnFiber (node_modules/.pnpm/react-dom@19.3.0_react@19.3.0/node_modules/react-dom/cjs/react-dom-client.development.js:15263:11)
      at recursivelyTraverseLayoutEffects (node_modules/.pnpm/react-dom@19.3.0_react@19.3.0/node_modules/react-dom/cjs/react-dom-client.development.js:16482:11)
      at commitLayoutEffectOnFiber (node_modules/.pnpm/react-dom@19.3.0_react@19.3.0/node_modules/react-dom/cjs/react-dom-client.development.js:15039:11)
      at recursivelyTraverseLayoutEffects (node_modules/.pnpm/react-dom@19.3.0_react@19.3.0/node_modules/react-dom/cjs/react-dom-client.development.js:16482:11)
      at commitLayoutEffectOnFiber (node_modules/.pnpm/react-dom@19.3.0_react@19.3.0/node_modules/react-dom/cjs/react-dom-client.development.js:15039:11)
      at recursivelyTraverseLayoutEffects (node_modules/.pnpm/react-dom@19.3.0_react@19.3.0/node_modules/react-dom/cjs/react-dom-client.development.js:16482:11)
      at commitLayoutEffectOnFiber (node_modules/.pnpm/react-dom@19.3.0_react@19.3.0/node_modules/react-dom/cjs/react-dom-client.development.js:15039:11)
      at recursivelyTraverseLayoutEffects (node_modules/.pnpm/react-dom@19.3.0_react@19.3.0/node_modules/react-dom/cjs/react-dom-client.development.js:16482:11)
      at commitLayoutEffectOnFiber (node_modules/.pnpm/react-dom@19.3.0_react@19.3.0/node_modules/react-dom/cjs/react-dom-client.development.js:15155:11)
      at recursivelyTraverseLayoutEffects (node_modules/.pnpm/react-dom@19.3.0_react@19.3.0/node_modules/react-dom/cjs/react-dom-client.development.js:16482:11)
      at commitLayoutEffectOnFiber (node_modules/.pnpm/react-dom@19.3.0_react@19.3.0/node_modules/react-dom/cjs/react-dom-client.development.js:15039:11)
      at recursivelyTraverseLayoutEffects (node_modules/.pnpm/react-dom@19.3.0_react@19.3.0/node_modules/react-dom/cjs/react-dom-client.development.js:16482:11)
      at commitLayoutEffectOnFiber (node_modules/.pnpm/react-dom@19.3.0_react@19.3.0/node_modules/react-dom/cjs/react-dom-client.development.js:15263:11)
      at recursivelyTraverseLayoutEffects (node_modules/.pnpm/react-dom@19.3.0_react@19.3.0/node_modules/react-dom/cjs/react-dom-client.development.js:16482:11)
      at commitLayoutEffectOnFiber (node_modules/.pnpm/react-dom@19.3.0_react@19.3.0/node_modules/react-dom/cjs/react-dom-client.development.js:15155:11)
      at recursivelyTraverseLayoutEffects (node_modules/.pnpm/react-dom@19.3.0_react@19.3.0/node_modules/react-dom/cjs/react-dom-client.development.js:16482:11)
      at commitLayoutEffectOnFiber (node_modules/.pnpm/react-dom@19.3.0_react@19.3.0/node_modules/react-dom/cjs/react-dom-client.development.js:15155:11)
      at recursivelyTraverseLayoutEffects (node_modules/.pnpm/react-dom@19.3.0_react@19.3.0/node_modules/react-dom/cjs/react-dom-client.development.js:16482:11)
      at commitLayoutEffectOnFiber (node_modules/.pnpm/react-dom@19.3.0_react@19.3.0/node_modules/react-dom/cjs/react-dom-client.development.js:15039:11)
      at recursivelyTraverseLayoutEffects (node_modules/.pnpm/react-dom@19.3.0_react@19.3.0/node_modules/react-dom/cjs/react-dom-client.development.js:16482:11)
      at commitLayoutEffectOnFiber (node_modules/.pnpm/react-dom@19.3.0_react@19.3.0/node_modules/react-dom/cjs/react-dom-client.development.js:15155:11)
      at recursivelyTraverseLayoutEffects (node_modules/.pnpm/react-dom@19.3.0_react@19.3.0/node_modules/react-dom/cjs/react-dom-client.development.js:16482:11)
      at commitLayoutEffectOnFiber (node_modules/.pnpm/react-dom@19.3.0_react@19.3.0/node_modules/react-dom/cjs/react-dom-client.development.js:15039:11)
      at recursivelyTraverseLayoutEffects (node_modules/.pnpm/react-dom@19.3.0_react@19.3.0/node_modules/react-dom/cjs/react-dom-client.development.js:16482:11)
      at commitLayoutEffectOnFiber (node_modules/.pnpm/react-dom@19.3.0_react@19.3.0/node_modules/react-dom/cjs/react-dom-client.development.js:15155:11)
      at recursivelyTraverseLayoutEffects (node_modules/.pnpm/react-dom@19.3.0_react@19.3.0/node_modules/react-dom/cjs/react-dom-client.development.js:16482:11)
      at commitLayoutEffectOnFiber (node_modules/.pnpm/react-dom@19.3.0_react@19.3.0/node_modules/react-dom/cjs/react-dom-client.development.js:15039:11)
      at recursivelyTraverseLayoutEffects (node_modules/.pnpm/react-dom@19.3.0_react@19.3.0/node_modules/react-dom/cjs/react-dom-client.development.js:16482:11)
      at commitLayoutEffectOnFiber (node_modules/.pnpm/react-dom@19.3.0_react@19.3.0/node_modules/react-dom/cjs/react-dom-client.development.js:15039:11)
      at recursivelyTraverseLayoutEffects (node_modules/.pnpm/react-dom@19.3.0_react@19.3.0/node_modules/react-dom/cjs/react-dom-client.development.js:16482:11)
      at commitLayoutEffectOnFiber (node_modules/.pnpm/react-dom@19.3.0_react@19.3.0/node_modules/react-dom/cjs/react-dom-client.development.js:15121:11)
      at flushLayoutEffects (node_modules/.pnpm/react-dom@19.3.0_react@19.3.0/node_modules/react-dom/cjs/react-dom-client.development.js:19839:15)
      at commitRoot (node_modules/.pnpm/react-dom@19.3.0_react@19.3.0/node_modules/react-dom/cjs/react-dom-client.development.js:19605:36)
      at completeRoot (node_modules/.pnpm/react-dom@19.3.0_react@19.3.0/node_modules/react-dom/cjs/react-dom-client.development.js:19509:9)
      at performWorkOnRoot (node_modules/.pnpm/react-dom@19.3.0_react@19.3.0/node_modules/react-dom/cjs/react-dom-client.development.js:18182:15)
      at performSyncWorkOnRoot (node_modules/.pnpm/react-dom@19.3.0_react@19.3.0/node_modules/react-dom/cjs/react-dom-client.development.js:20680:7)
      at flushSyncWorkAcrossRoots_impl (node_modules/.pnpm/react-dom@19.3.0_react@19.3.0/node_modules/react-dom/cjs/react-dom-client.development.js:20522:21)
      at processRootScheduleInMicrotask (node_modules/.pnpm/react-dom@19.3.0_react@19.3.0/node_modules/react-dom/cjs/react-dom-client.development.js:20561:9)
      at node_modules/.pnpm/react-dom@19.3.0_react@19.3.0/node_modules/react-dom/cjs/react-dom-client.development.js:20699:13
      at invokeTheCallbackFunction (node_modules/.pnpm/jsdom@26.1.0_supports-color@8.1.1/node_modules/jsdom/lib/jsdom/living/generated/Function.js:19:26)
      at node_modules/.pnpm/jsdom@26.1.0_supports-color@8.1.1/node_modules/jsdom/lib/jsdom/browser/Window.js:613:9

    console.error
      The current testing environment is not configured to support act(...)

      at isConcurrentActEnvironment (node_modules/.pnpm/react-dom@19.3.0_react@19.3.0/node_modules/react-dom/cjs/react-dom-client.development.js:17819:17)
      at warnIfUpdatesNotWrappedWithActDEV (node_modules/.pnpm/react-dom@19.3.0_react@19.3.0/node_modules/react-dom/cjs/react-dom-client.development.js:20463:7)
      at scheduleUpdateOnFiber (node_modules/.pnpm/react-dom@19.3.0_react@19.3.0/node_modules/react-dom/cjs/react-dom-client.development.js:17920:11)
      at dispatchReducerAction (node_modules/.pnpm/react-dom@19.3.0_react@19.3.0/node_modules/react-dom/cjs/react-dom-client.development.js:9503:13)
      at node_modules/.pnpm/@radix-ui+react-presence@1.1.10_@types+react-dom@19.3.0_@types+react@19.3.0__@types+rea_2fe228634386b203c3622b9fd60e1034/node_modules/@radix-ui/react-presence/src/presence.tsx:165:7
      at Object.react_stack_bottom_frame (node_modules/.pnpm/react-dom@19.3.0_react@19.3.0/node_modules/react-dom/cjs/react-dom-client.development.js:28656:20)
      at runWithFiberInDEV (node_modules/.pnpm/react-dom@19.3.0_react@19.3.0/node_modules/react-dom/cjs/react-dom-client.development.js:1048:13)
      at commitHookEffectListMount (node_modules/.pnpm/react-dom@19.3.0_react@19.3.0/node_modules/react-dom/cjs/react-dom-client.development.js:13748:29)
      at commitHookLayoutEffects (node_modules/.pnpm/react-dom@19.3.0_react@19.3.0/node_modules/react-dom/cjs/react-dom-client.development.js:13712:11)
      at commitLayoutEffectOnFiber (node_modules/.pnpm/react-dom@19.3.0_react@19.3.0/node_modules/react-dom/cjs/react-dom-client.development.js:15041:13)
      at recursivelyTraverseLayoutEffects (node_modules/.pnpm/react-dom@19.3.0_react@19.3.0/node_modules/react-dom/cjs/react-dom-client.development.js:16482:11)
      at commitLayoutEffectOnFiber (node_modules/.pnpm/react-dom@19.3.0_react@19.3.0/node_modules/react-dom/cjs/react-dom-client.development.js:15039:11)
      at recursivelyTraverseLayoutEffects (node_modules/.pnpm/react-dom@19.3.0_react@19.3.0/node_modules/react-dom/cjs/react-dom-client.development.js:16482:11)
      at commitLayoutEffectOnFiber (node_modules/.pnpm/react-dom@19.3.0_react@19.3.0/node_modules/react-dom/cjs/react-dom-client.development.js:15039:11)
      at recursivelyTraverseLayoutEffects (node_modules/.pnpm/react-dom@19.3.0_react@19.3.0/node_modules/react-dom/cjs/react-dom-client.development.js:16482:11)
      at commitLayoutEffectOnFiber (node_modules/.pnpm/react-dom@19.3.0_react@19.3.0/node_modules/react-dom/cjs/react-dom-client.development.js:15155:11)
      at recursivelyTraverseLayoutEffects (node_modules/.pnpm/react-dom@19.3.0_react@19.3.0/node_modules/react-dom/cjs/react-dom-client.development.js:16482:11)
      at commitLayoutEffectOnFiber (node_modules/.pnpm/react-dom@19.3.0_react@19.3.0/node_modules/react-dom/cjs/react-dom-client.development.js:15039:11)
      at recursivelyTraverseLayoutEffects (node_modules/.pnpm/react-dom@19.3.0_react@19.3.0/node_modules/react-dom/cjs/react-dom-client.development.js:16482:11)
      at commitLayoutEffectOnFiber (node_modules/.pnpm/react-dom@19.3.0_react@19.3.0/node_modules/react-dom/cjs/react-dom-client.development.js:15263:11)
      at recursivelyTraverseLayoutEffects (node_modules/.pnpm/react-dom@19.3.0_react@19.3.0/node_modules/react-dom/cjs/react-dom-client.development.js:16482:11)
      at commitLayoutEffectOnFiber (node_modules/.pnpm/react-dom@19.3.0_react@19.3.0/node_modules/react-dom/cjs/react-dom-client.development.js:15039:11)
      at recursivelyTraverseLayoutEffects (node_modules/.pnpm/react-dom@19.3.0_react@19.3.0/node_modules/react-dom/cjs/react-dom-client.development.js:16482:11)
      at commitLayoutEffectOnFiber (node_modules/.pnpm/react-dom@19.3.0_react@19.3.0/node_modules/react-dom/cjs/react-dom-client.development.js:15039:11)
      at recursivelyTraverseLayoutEffects (node_modules/.pnpm/react-dom@19.3.0_react@19.3.0/node_modules/react-dom/cjs/react-dom-client.development.js:16482:11)
      at commitLayoutEffectOnFiber (node_modules/.pnpm/react-dom@19.3.0_react@19.3.0/node_modules/react-dom/cjs/react-dom-client.development.js:15039:11)
      at recursivelyTraverseLayoutEffects (node_modules/.pnpm/react-dom@19.3.0_react@19.3.0/node_modules/react-dom/cjs/react-dom-client.development.js:16482:11)
      at commitLayoutEffectOnFiber (node_modules/.pnpm/react-dom@19.3.0_react@19.3.0/node_modules/react-dom/cjs/react-dom-client.development.js:15155:11)
      at recursivelyTraverseLayoutEffects (node_modules/.pnpm/react-dom@19.3.0_react@19.3.0/node_modules/react-dom/cjs/react-dom-client.development.js:16482:11)
      at commitLayoutEffectOnFiber (node_modules/.pnpm/react-dom@19.3.0_react@19.3.0/node_modules/react-dom/cjs/react-dom-client.development.js:15039:11)
      at recursivelyTraverseLayoutEffects (node_modules/.pnpm/react-dom@19.3.0_react@19.3.0/node_modules/react-dom/cjs/react-dom-client.development.js:16482:11)
      at commitLayoutEffectOnFiber (node_modules/.pnpm/react-dom@19.3.0_react@19.3.0/node_modules/react-dom/cjs/react-dom-client.development.js:15263:11)
      at recursivelyTraverseLayoutEffects (node_modules/.pnpm/react-dom@19.3.0_react@19.3.0/node_modules/react-dom/cjs/react-dom-client.development.js:16482:11)
      at commitLayoutEffectOnFiber (node_modules/.pnpm/react-dom@19.3.0_react@19.3.0/node_modules/react-dom/cjs/react-dom-client.development.js:15155:11)
      at recursivelyTraverseLayoutEffects (node_modules/.pnpm/react-dom@19.3.0_react@19.3.0/node_modules/react-dom/cjs/react-dom-client.development.js:16482:11)
      at commitLayoutEffectOnFiber (node_modules/.pnpm/react-dom@19.3.0_react@19.3.0/node_modules/react-dom/cjs/react-dom-client.development.js:15155:11)
      at recursivelyTraverseLayoutEffects (node_modules/.pnpm/react-dom@19.3.0_react@19.3.0/node_modules/react-dom/cjs/react-dom-client.development.js:16482:11)
      at commitLayoutEffectOnFiber (node_modules/.pnpm/react-dom@19.3.0_react@19.3.0/node_modules/react-dom/cjs/react-dom-client.development.js:15039:11)
      at recursivelyTraverseLayoutEffects (node_modules/.pnpm/react-dom@19.3.0_react@19.3.0/node_modules/react-dom/cjs/react-dom-client.development.js:16482:11)
      at commitLayoutEffectOnFiber (node_modules/.pnpm/react-dom@19.3.0_react@19.3.0/node_modules/react-dom/cjs/react-dom-client.development.js:15155:11)
      at recursivelyTraverseLayoutEffects (node_modules/.pnpm/react-dom@19.3.0_react@19.3.0/node_modules/react-dom/cjs/react-dom-client.development.js:16482:11)
      at commitLayoutEffectOnFiber (node_modules/.pnpm/react-dom@19.3.0_react@19.3.0/node_modules/react-dom/cjs/react-dom-client.development.js:15039:11)
      at recursivelyTraverseLayoutEffects (node_modules/.pnpm/react-dom@19.3.0_react@19.3.0/node_modules/react-dom/cjs/react-dom-client.development.js:16482:11)
      at commitLayoutEffectOnFiber (node_modules/.pnpm/react-dom@19.3.0_react@19.3.0/node_modules/react-dom/cjs/react-dom-client.development.js:15155:11)
      at recursivelyTraverseLayoutEffects (node_modules/.pnpm/react-dom@19.3.0_react@19.3.0/node_modules/react-dom/cjs/react-dom-client.development.js:16482:11)
      at commitLayoutEffectOnFiber (node_modules/.pnpm/react-dom@19.3.0_react@19.3.0/node_modules/react-dom/cjs/react-dom-client.development.js:15039:11)
      at recursivelyTraverseLayoutEffects (node_modules/.pnpm/react-dom@19.3.0_react@19.3.0/node_modules/react-dom/cjs/react-dom-client.development.js:16482:11)
      at commitLayoutEffectOnFiber (node_modules/.pnpm/react-dom@19.3.0_react@19.3.0/node_modules/react-dom/cjs/react-dom-client.development.js:15039:11)
      at recursivelyTraverseLayoutEffects (node_modules/.pnpm/react-dom@19.3.0_react@19.3.0/node_modules/react-dom/cjs/react-dom-client.development.js:16482:11)
      at commitLayoutEffectOnFiber (node_modules/.pnpm/react-dom@19.3.0_react@19.3.0/node_modules/react-dom/cjs/react-dom-client.development.js:15121:11)
      at flushLayoutEffects (node_modules/.pnpm/react-dom@19.3.0_react@19.3.0/node_modules/react-dom/cjs/react-dom-client.development.js:19839:15)
      at commitRoot (node_modules/.pnpm/react-dom@19.3.0_react@19.3.0/node_modules/react-dom/cjs/react-dom-client.development.js:19605:36)
      at completeRoot (node_modules/.pnpm/react-dom@19.3.0_react@19.3.0/node_modules/react-dom/cjs/react-dom-client.development.js:19509:9)
      at performWorkOnRoot (node_modules/.pnpm/react-dom@19.3.0_react@19.3.0/node_modules/react-dom/cjs/react-dom-client.development.js:18182:15)
      at performSyncWorkOnRoot (node_modules/.pnpm/react-dom@19.3.0_react@19.3.0/node_modules/react-dom/cjs/react-dom-client.development.js:20680:7)
      at flushSyncWorkAcrossRoots_impl (node_modules/.pnpm/react-dom@19.3.0_react@19.3.0/node_modules/react-dom/cjs/react-dom-client.development.js:20522:21)
      at processRootScheduleInMicrotask (node_modules/.pnpm/react-dom@19.3.0_react@19.3.0/node_modules/react-dom/cjs/react-dom-client.development.js:20561:9)
      at node_modules/.pnpm/react-dom@19.3.0_react@19.3.0/node_modules/react-dom/cjs/react-dom-client.development.js:20699:13
      at invokeTheCallbackFunction (node_modules/.pnpm/jsdom@26.1.0_supports-color@8.1.1/node_modules/jsdom/lib/jsdom/living/generated/Function.js:19:26)
      at node_modules/.pnpm/jsdom@26.1.0_supports-color@8.1.1/node_modules/jsdom/lib/jsdom/browser/Window.js:613:9

PASS jsdom components/source-control/worktree-panel.test.tsx
PASS jsdom components/source-control/commit-box.test.tsx
PASS jsdom components/source-control/hunk-review-list.test.tsx
PASS jsdom components/source-control/status-banners.test.tsx
PASS jsdom components/source-control/compare-refs-sheet.test.tsx
PASS jsdom components/source-control/root-switcher.test.tsx
PASS jsdom components/source-control/hunk-review-item.test.tsx
PASS jsdom components/source-control/stack-list.test.tsx
  ● Console

    console.error
      An update to StackList inside a test was not wrapped in act(...).
      
      When testing, code that causes React state updates should be wrapped into act(...):
      
      act(() => {
        /* fire events that update state */
      });
      /* assert on the output */
      
      This ensures that you're testing the behavior the user would see in the browser. Learn more at https://react.dev/link/wrap-tests-with-act

      327 |     void identity(rootDir)
      328 |       .then((found) => {
    > 329 |         if (!cancelled) setUser(found.name ?? "")
          |                         ^
      330 |       })
      331 |       .catch(() => {})
      332 |     return () => {

      at node_modules/.pnpm/react-dom@19.3.0_react@19.3.0/node_modules/react-dom/cjs/react-dom-client.development.js:20466:19
      at runWithFiberInDEV (node_modules/.pnpm/react-dom@19.3.0_react@19.3.0/node_modules/react-dom/cjs/react-dom-client.development.js:1048:13)
      at warnIfUpdatesNotWrappedWithActDEV (node_modules/.pnpm/react-dom@19.3.0_react@19.3.0/node_modules/react-dom/cjs/react-dom-client.development.js:20465:9)
      at scheduleUpdateOnFiber (node_modules/.pnpm/react-dom@19.3.0_react@19.3.0/node_modules/react-dom/cjs/react-dom-client.development.js:17920:11)
      at dispatchSetStateInternal (node_modules/.pnpm/react-dom@19.3.0_react@19.3.0/node_modules/react-dom/cjs/react-dom-client.development.js:9556:13)
      at dispatchSetState (node_modules/.pnpm/react-dom@19.3.0_react@19.3.0/node_modules/react-dom/cjs/react-dom-client.development.js:9513:7)
      at setUser (components/source-control/stack-list.tsx:329:25)

    console.error
      An update to StackList inside a test was not wrapped in act(...).
      
      When testing, code that causes React state updates should be wrapped into act(...):
      
      act(() => {
        /* fire events that update state */
      });
      /* assert on the output */
      
      This ensures that you're testing the behavior the user would see in the browser. Learn more at https://react.dev/link/wrap-tests-with-act

      159 |         })
      160 |       }
    > 161 |       if (!cancelled) setSettled({ key: requestKey, rows })
          |                       ^
      162 |     })()
      163 |     return () => {
      164 |       cancelled = true

      at node_modules/.pnpm/react-dom@19.3.0_react@19.3.0/node_modules/react-dom/cjs/react-dom-client.development.js:20466:19
      at runWithFiberInDEV (node_modules/.pnpm/react-dom@19.3.0_react@19.3.0/node_modules/react-dom/cjs/react-dom-client.development.js:1048:13)
      at warnIfUpdatesNotWrappedWithActDEV (node_modules/.pnpm/react-dom@19.3.0_react@19.3.0/node_modules/react-dom/cjs/react-dom-client.development.js:20465:9)
      at scheduleUpdateOnFiber (node_modules/.pnpm/react-dom@19.3.0_react@19.3.0/node_modules/react-dom/cjs/react-dom-client.development.js:17920:11)
      at dispatchSetStateInternal (node_modules/.pnpm/react-dom@19.3.0_react@19.3.0/node_modules/react-dom/cjs/react-dom-client.development.js:9556:13)
      at dispatchSetState (node_modules/.pnpm/react-dom@19.3.0_react@19.3.0/node_modules/react-dom/cjs/react-dom-client.development.js:9513:7)
      at setSettled (hooks/git/use-stacks.ts:161:23)

PASS node lib/integrations/github-lifecycle.test.ts
PASS node lib/integrations/github-issue-loop.test.ts
PASS node lib/integrations/github-auth.test.ts
PASS jsdom components/source-control/tag-panel.test.tsx
PASS jsdom components/source-control/view-settings.test.tsx
PASS jsdom components/source-control/restore-dialog.test.tsx
PASS jsdom components/source-control/blame-view.test.tsx
PASS jsdom components/source-control/change-item.test.tsx
PASS jsdom components/source-control/stash-panel.test.tsx
PASS jsdom components/source-control/ai-explain-popover.test.tsx
PASS jsdom components/source-control/discard-confirm-dialog.test.tsx
PASS jsdom components/source-control/conflict-resolver.test.tsx
PASS jsdom components/source-control/remote-panel.test.tsx
PASS jsdom components/source-control/read-error.test.tsx
PASS jsdom components/source-control/commit-graph-view.test.tsx
PASS jsdom components/source-control/use-review-workspace.test.ts
  ● Console

    console.error
      An update to TestComponent inside a test was not wrapped in act(...).
      
      When testing, code that causes React state updates should be wrapped into act(...):
      
      act(() => {
        /* fire events that update state */
      });
      /* assert on the output */
      
      This ensures that you're testing the behavior the user would see in the browser. Learn more at https://react.dev/link/wrap-tests-with-act

      114 |     let cancelled = false
      115 |     void provider.getAuthenticationState().then((state) => {
    > 116 |       if (!cancelled) setAuth(state)
          |                       ^
      117 |     })
      118 |     return () => {
      119 |       cancelled = true

      at node_modules/.pnpm/react-dom@19.3.0_react@19.3.0/node_modules/react-dom/cjs/react-dom-client.development.js:20466:19
      at runWithFiberInDEV (node_modules/.pnpm/react-dom@19.3.0_react@19.3.0/node_modules/react-dom/cjs/react-dom-client.development.js:1048:13)
      at warnIfUpdatesNotWrappedWithActDEV (node_modules/.pnpm/react-dom@19.3.0_react@19.3.0/node_modules/react-dom/cjs/react-dom-client.development.js:20465:9)
      at scheduleUpdateOnFiber (node_modules/.pnpm/react-dom@19.3.0_react@19.3.0/node_modules/react-dom/cjs/react-dom-client.development.js:17920:11)
      at dispatchSetStateInternal (node_modules/.pnpm/react-dom@19.3.0_react@19.3.0/node_modules/react-dom/cjs/react-dom-client.development.js:9556:13)
      at dispatchSetState (node_modules/.pnpm/react-dom@19.3.0_react@19.3.0/node_modules/react-dom/cjs/react-dom-client.development.js:9513:7)
      at setAuth (components/source-control/use-review-workspace.ts:116:23)

PASS jsdom components/source-control/change-group.test.tsx
PASS node lib/github/pr-observe/fetch.test.ts
PASS node plugins/github-delivery/src/index.test.ts
PASS node lib/integrations/github-delivery-recovery.test.ts
PASS node lib/integrations/github-read-credential.test.ts
PASS node lib/integrations/github-account-setup.test.ts
PASS node lib/stack/forge/types.test.ts
PASS node lib/stack/forge-session.test.ts
PASS node lib/github/host.test.ts
PASS node lib/github/auth-app.test.ts
PASS node lib/github/octokit-factory.test.ts
PASS node lib/integrations/github-repo-webhook.test.ts
PASS node lib/stack/forge/remote.test.ts
PASS node lib/stack/forge/github.test.ts
PASS node lib/stack/forge/fake.test.ts
PASS node lib/github/pr-observe/types.test.ts
PASS node lib/github/pr-observe/discover.test.ts
PASS node lib/github/pr-observe/sanitize.test.ts
PASS node lib/github/pr-observe/predicates.test.ts

Test Suites: 64 passed, 64 total
Tests:       753 passed, 753 total
Snapshots:   0 total
Time:        21.758 s, estimated 49 s
Ran all test suites within paths "lib/integrations/github-account-setup.test.ts", "lib/integrations/github-auth.test.ts", "lib/integrations/github-delivery-recovery.test.ts", "lib/integrations/github-issue-loop.test.ts", "lib/integrations/github-lifecycle.test.ts", "lib/integrations/github-read-credential.test.ts", "lib/integrations/github-repo-webhook.test.ts", "lib/integrations/github-vertical.test.ts", "lib/integrations/github-webhook.test.ts", "lib/github/host.test.ts", "lib/github/octokit-factory.test.ts", "lib/github/auth-app.test.ts", "lib/github/pr-observe/discover.test.ts", "lib/github/pr-observe/fetch.test.ts", "lib/github/pr-observe/predicates.test.ts", "lib/github/pr-observe/sanitize.test.ts", "lib/github/pr-observe/types.test.ts", "lib/stack/forge/fake.test.ts", "lib/stack/forge/github.test.ts", "lib/stack/forge/remote.test.ts", "lib/stack/forge/types.test.ts", "lib/stack/forge-session.test.ts", "plugins/github-delivery/src/index.test.ts", "components/source-control/sheet-width.test.ts", "components/source-control/status-decoration.test.ts", "components/source-control/use-review-workspace.test.ts", "components/source-control/ai-explain-popover.test.tsx", "components/source-control/blame-view.test.tsx", "components/source-control/branch-header.test.tsx", "components/source-control/branch-picker.test.tsx", "components/source-control/change-group.test.tsx", "components/source-control/change-item.test.tsx", "components/source-control/changes-view.test.tsx", "components/source-control/clone-repository-dialog.test.tsx", "components/source-control/commit-box.test.tsx", "components/source-control/commit-detail.test.tsx", "components/source-control/commit-graph-view.test.tsx", "components/source-control/compare-refs-sheet.test.tsx", "components/source-control/conflict-resolver.test.tsx", "components/source-control/diff-pane.test.tsx", "components/source-control/diff-viewer.test.tsx", "components/source-control/discard-confirm-dialog.test.tsx", "components/source-control/git-identity-dialog.test.tsx", "components/source-control/git-ref-select.test.tsx", "components/source-control/hunk-review-item.test.tsx", "components/source-control/hunk-review-list.test.tsx", "components/source-control/interactive-rebase-dialog.test.tsx", "components/source-control/read-error.test.tsx", "components/source-control/remote-panel.test.tsx", "components/source-control/repository-navigator.test.tsx", "components/source-control/restore-dialog.test.tsx", "components/source-control/root-switcher.test.tsx", "components/source-control/source-control-panel.test.tsx", "components/source-control/stack-list.test.tsx", "components/source-control/stack-panel.test.tsx", "components/source-control/stash-panel.test.tsx", "components/source-control/status-banners.test.tsx", "components/source-control/status-bar-branch.test.tsx", "components/source-control/sync-toolbar.test.tsx", "components/source-control/tag-panel.test.tsx", "components/source-control/timeline-view.test.tsx", "components/source-control/unified-review-sheet.test.tsx", "components/source-control/view-settings.test.tsx", "components/source-control/worktree-panel.test.tsx" in 2 projects.
