  Using tsconfig file: tsconfig.build.json
PASS jsdom hooks/issues/use-board-edge-scroll.test.ts
PASS jsdom hooks/issues/use-issue-selection.test.ts
PASS jsdom hooks/issues/use-issue-shortcuts.test.ts
PASS jsdom components/issues/create-issue-page.test.tsx (6.308 s)
PASS node lib/issues/run/install.test.ts
PASS node lib/issues/notify.test.ts
PASS jsdom components/issues/import/import-issues-dialog.test.tsx
PASS jsdom components/issues/issue-detail-panel.test.tsx
  ● Console

    console.error
      An update to OpenInProIde inside a test was not wrapped in act(...).
      
      When testing, code that causes React state updates should be wrapped into act(...):
      
      act(() => {
        /* fire events that update state */
      });
      /* assert on the output */
      
      This ensures that you're testing the behavior the user would see in the browser. Learn more at https://react.dev/link/wrap-tests-with-act

      855 |     let cancelled = false
      856 |     void import("@/lib/codeserver/pane-manager").then(({ getActiveProIdeRoot }) => {
    > 857 |       if (!cancelled) setRoot(getActiveProIdeRoot())
          |                       ^
      858 |     })
      859 |     return () => {
      860 |       cancelled = true

      at node_modules/.pnpm/react-dom@19.3.0_react@19.3.0/node_modules/react-dom/cjs/react-dom-client.development.js:20466:19
      at runWithFiberInDEV (node_modules/.pnpm/react-dom@19.3.0_react@19.3.0/node_modules/react-dom/cjs/react-dom-client.development.js:1048:13)
      at warnIfUpdatesNotWrappedWithActDEV (node_modules/.pnpm/react-dom@19.3.0_react@19.3.0/node_modules/react-dom/cjs/react-dom-client.development.js:20465:9)
      at scheduleUpdateOnFiber (node_modules/.pnpm/react-dom@19.3.0_react@19.3.0/node_modules/react-dom/cjs/react-dom-client.development.js:17920:11)
      at dispatchSetStateInternal (node_modules/.pnpm/react-dom@19.3.0_react@19.3.0/node_modules/react-dom/cjs/react-dom-client.development.js:9556:13)
      at dispatchSetState (node_modules/.pnpm/react-dom@19.3.0_react@19.3.0/node_modules/react-dom/cjs/react-dom-client.development.js:9513:7)
      at setRoot (components/issues/issue-detail-panel.tsx:857:23)

    console.error
      An update to OpenInProIde inside a test was not wrapped in act(...).
      
      When testing, code that causes React state updates should be wrapped into act(...):
      
      act(() => {
        /* fire events that update state */
      });
      /* assert on the output */
      
      This ensures that you're testing the behavior the user would see in the browser. Learn more at https://react.dev/link/wrap-tests-with-act

      855 |     let cancelled = false
      856 |     void import("@/lib/codeserver/pane-manager").then(({ getActiveProIdeRoot }) => {
    > 857 |       if (!cancelled) setRoot(getActiveProIdeRoot())
          |                       ^
      858 |     })
      859 |     return () => {
      860 |       cancelled = true

      at node_modules/.pnpm/react-dom@19.3.0_react@19.3.0/node_modules/react-dom/cjs/react-dom-client.development.js:20466:19
      at runWithFiberInDEV (node_modules/.pnpm/react-dom@19.3.0_react@19.3.0/node_modules/react-dom/cjs/react-dom-client.development.js:1048:13)
      at warnIfUpdatesNotWrappedWithActDEV (node_modules/.pnpm/react-dom@19.3.0_react@19.3.0/node_modules/react-dom/cjs/react-dom-client.development.js:20465:9)
      at scheduleUpdateOnFiber (node_modules/.pnpm/react-dom@19.3.0_react@19.3.0/node_modules/react-dom/cjs/react-dom-client.development.js:17920:11)
      at dispatchSetStateInternal (node_modules/.pnpm/react-dom@19.3.0_react@19.3.0/node_modules/react-dom/cjs/react-dom-client.development.js:9556:13)
      at dispatchSetState (node_modules/.pnpm/react-dom@19.3.0_react@19.3.0/node_modules/react-dom/cjs/react-dom-client.development.js:9513:7)
      at setRoot (components/issues/issue-detail-panel.tsx:857:23)

    console.error
      An update to OpenInProIde inside a test was not wrapped in act(...).
      
      When testing, code that causes React state updates should be wrapped into act(...):
      
      act(() => {
        /* fire events that update state */
      });
      /* assert on the output */
      
      This ensures that you're testing the behavior the user would see in the browser. Learn more at https://react.dev/link/wrap-tests-with-act

      855 |     let cancelled = false
      856 |     void import("@/lib/codeserver/pane-manager").then(({ getActiveProIdeRoot }) => {
    > 857 |       if (!cancelled) setRoot(getActiveProIdeRoot())
          |                       ^
      858 |     })
      859 |     return () => {
      860 |       cancelled = true

      at node_modules/.pnpm/react-dom@19.3.0_react@19.3.0/node_modules/react-dom/cjs/react-dom-client.development.js:20466:19
      at runWithFiberInDEV (node_modules/.pnpm/react-dom@19.3.0_react@19.3.0/node_modules/react-dom/cjs/react-dom-client.development.js:1048:13)
      at warnIfUpdatesNotWrappedWithActDEV (node_modules/.pnpm/react-dom@19.3.0_react@19.3.0/node_modules/react-dom/cjs/react-dom-client.development.js:20465:9)
      at scheduleUpdateOnFiber (node_modules/.pnpm/react-dom@19.3.0_react@19.3.0/node_modules/react-dom/cjs/react-dom-client.development.js:17920:11)
      at dispatchSetStateInternal (node_modules/.pnpm/react-dom@19.3.0_react@19.3.0/node_modules/react-dom/cjs/react-dom-client.development.js:9556:13)
      at dispatchSetState (node_modules/.pnpm/react-dom@19.3.0_react@19.3.0/node_modules/react-dom/cjs/react-dom-client.development.js:9513:7)
      at setRoot (components/issues/issue-detail-panel.tsx:857:23)

    console.error
      An update to OpenInProIde inside a test was not wrapped in act(...).
      
      When testing, code that causes React state updates should be wrapped into act(...):
      
      act(() => {
        /* fire events that update state */
      });
      /* assert on the output */
      
      This ensures that you're testing the behavior the user would see in the browser. Learn more at https://react.dev/link/wrap-tests-with-act

      855 |     let cancelled = false
      856 |     void import("@/lib/codeserver/pane-manager").then(({ getActiveProIdeRoot }) => {
    > 857 |       if (!cancelled) setRoot(getActiveProIdeRoot())
          |                       ^
      858 |     })
      859 |     return () => {
      860 |       cancelled = true

      at node_modules/.pnpm/react-dom@19.3.0_react@19.3.0/node_modules/react-dom/cjs/react-dom-client.development.js:20466:19
      at runWithFiberInDEV (node_modules/.pnpm/react-dom@19.3.0_react@19.3.0/node_modules/react-dom/cjs/react-dom-client.development.js:1048:13)
      at warnIfUpdatesNotWrappedWithActDEV (node_modules/.pnpm/react-dom@19.3.0_react@19.3.0/node_modules/react-dom/cjs/react-dom-client.development.js:20465:9)
      at scheduleUpdateOnFiber (node_modules/.pnpm/react-dom@19.3.0_react@19.3.0/node_modules/react-dom/cjs/react-dom-client.development.js:17920:11)
      at dispatchSetStateInternal (node_modules/.pnpm/react-dom@19.3.0_react@19.3.0/node_modules/react-dom/cjs/react-dom-client.development.js:9556:13)
      at dispatchSetState (node_modules/.pnpm/react-dom@19.3.0_react@19.3.0/node_modules/react-dom/cjs/react-dom-client.development.js:9513:7)
      at setRoot (components/issues/issue-detail-panel.tsx:857:23)

    console.error
      An update to OpenInProIde inside a test was not wrapped in act(...).
      
      When testing, code that causes React state updates should be wrapped into act(...):
      
      act(() => {
        /* fire events that update state */
      });
      /* assert on the output */
      
      This ensures that you're testing the behavior the user would see in the browser. Learn more at https://react.dev/link/wrap-tests-with-act

      855 |     let cancelled = false
      856 |     void import("@/lib/codeserver/pane-manager").then(({ getActiveProIdeRoot }) => {
    > 857 |       if (!cancelled) setRoot(getActiveProIdeRoot())
          |                       ^
      858 |     })
      859 |     return () => {
      860 |       cancelled = true

      at node_modules/.pnpm/react-dom@19.3.0_react@19.3.0/node_modules/react-dom/cjs/react-dom-client.development.js:20466:19
      at runWithFiberInDEV (node_modules/.pnpm/react-dom@19.3.0_react@19.3.0/node_modules/react-dom/cjs/react-dom-client.development.js:1048:13)
      at warnIfUpdatesNotWrappedWithActDEV (node_modules/.pnpm/react-dom@19.3.0_react@19.3.0/node_modules/react-dom/cjs/react-dom-client.development.js:20465:9)
      at scheduleUpdateOnFiber (node_modules/.pnpm/react-dom@19.3.0_react@19.3.0/node_modules/react-dom/cjs/react-dom-client.development.js:17920:11)
      at dispatchSetStateInternal (node_modules/.pnpm/react-dom@19.3.0_react@19.3.0/node_modules/react-dom/cjs/react-dom-client.development.js:9556:13)
      at dispatchSetState (node_modules/.pnpm/react-dom@19.3.0_react@19.3.0/node_modules/react-dom/cjs/react-dom-client.development.js:9513:7)
      at setRoot (components/issues/issue-detail-panel.tsx:857:23)

    console.error
      An update to OpenInProIde inside a test was not wrapped in act(...).
      
      When testing, code that causes React state updates should be wrapped into act(...):
      
      act(() => {
        /* fire events that update state */
      });
      /* assert on the output */
      
      This ensures that you're testing the behavior the user would see in the browser. Learn more at https://react.dev/link/wrap-tests-with-act

      855 |     let cancelled = false
      856 |     void import("@/lib/codeserver/pane-manager").then(({ getActiveProIdeRoot }) => {
    > 857 |       if (!cancelled) setRoot(getActiveProIdeRoot())
          |                       ^
      858 |     })
      859 |     return () => {
      860 |       cancelled = true

      at node_modules/.pnpm/react-dom@19.3.0_react@19.3.0/node_modules/react-dom/cjs/react-dom-client.development.js:20466:19
      at runWithFiberInDEV (node_modules/.pnpm/react-dom@19.3.0_react@19.3.0/node_modules/react-dom/cjs/react-dom-client.development.js:1048:13)
      at warnIfUpdatesNotWrappedWithActDEV (node_modules/.pnpm/react-dom@19.3.0_react@19.3.0/node_modules/react-dom/cjs/react-dom-client.development.js:20465:9)
      at scheduleUpdateOnFiber (node_modules/.pnpm/react-dom@19.3.0_react@19.3.0/node_modules/react-dom/cjs/react-dom-client.development.js:17920:11)
      at dispatchSetStateInternal (node_modules/.pnpm/react-dom@19.3.0_react@19.3.0/node_modules/react-dom/cjs/react-dom-client.development.js:9556:13)
      at dispatchSetState (node_modules/.pnpm/react-dom@19.3.0_react@19.3.0/node_modules/react-dom/cjs/react-dom-client.development.js:9513:7)
      at setRoot (components/issues/issue-detail-panel.tsx:857:23)

    console.error
      An update to OpenInProIde inside a test was not wrapped in act(...).
      
      When testing, code that causes React state updates should be wrapped into act(...):
      
      act(() => {
        /* fire events that update state */
      });
      /* assert on the output */
      
      This ensures that you're testing the behavior the user would see in the browser. Learn more at https://react.dev/link/wrap-tests-with-act

      855 |     let cancelled = false
      856 |     void import("@/lib/codeserver/pane-manager").then(({ getActiveProIdeRoot }) => {
    > 857 |       if (!cancelled) setRoot(getActiveProIdeRoot())
          |                       ^
      858 |     })
      859 |     return () => {
      860 |       cancelled = true

      at node_modules/.pnpm/react-dom@19.3.0_react@19.3.0/node_modules/react-dom/cjs/react-dom-client.development.js:20466:19
      at runWithFiberInDEV (node_modules/.pnpm/react-dom@19.3.0_react@19.3.0/node_modules/react-dom/cjs/react-dom-client.development.js:1048:13)
      at warnIfUpdatesNotWrappedWithActDEV (node_modules/.pnpm/react-dom@19.3.0_react@19.3.0/node_modules/react-dom/cjs/react-dom-client.development.js:20465:9)
      at scheduleUpdateOnFiber (node_modules/.pnpm/react-dom@19.3.0_react@19.3.0/node_modules/react-dom/cjs/react-dom-client.development.js:17920:11)
      at dispatchSetStateInternal (node_modules/.pnpm/react-dom@19.3.0_react@19.3.0/node_modules/react-dom/cjs/react-dom-client.development.js:9556:13)
      at dispatchSetState (node_modules/.pnpm/react-dom@19.3.0_react@19.3.0/node_modules/react-dom/cjs/react-dom-client.development.js:9513:7)
      at setRoot (components/issues/issue-detail-panel.tsx:857:23)

    console.error
      An update to OpenInProIde inside a test was not wrapped in act(...).
      
      When testing, code that causes React state updates should be wrapped into act(...):
      
      act(() => {
        /* fire events that update state */
      });
      /* assert on the output */
      
      This ensures that you're testing the behavior the user would see in the browser. Learn more at https://react.dev/link/wrap-tests-with-act

      855 |     let cancelled = false
      856 |     void import("@/lib/codeserver/pane-manager").then(({ getActiveProIdeRoot }) => {
    > 857 |       if (!cancelled) setRoot(getActiveProIdeRoot())
          |                       ^
      858 |     })
      859 |     return () => {
      860 |       cancelled = true

      at node_modules/.pnpm/react-dom@19.3.0_react@19.3.0/node_modules/react-dom/cjs/react-dom-client.development.js:20466:19
      at runWithFiberInDEV (node_modules/.pnpm/react-dom@19.3.0_react@19.3.0/node_modules/react-dom/cjs/react-dom-client.development.js:1048:13)
      at warnIfUpdatesNotWrappedWithActDEV (node_modules/.pnpm/react-dom@19.3.0_react@19.3.0/node_modules/react-dom/cjs/react-dom-client.development.js:20465:9)
      at scheduleUpdateOnFiber (node_modules/.pnpm/react-dom@19.3.0_react@19.3.0/node_modules/react-dom/cjs/react-dom-client.development.js:17920:11)
      at dispatchSetStateInternal (node_modules/.pnpm/react-dom@19.3.0_react@19.3.0/node_modules/react-dom/cjs/react-dom-client.development.js:9556:13)
      at dispatchSetState (node_modules/.pnpm/react-dom@19.3.0_react@19.3.0/node_modules/react-dom/cjs/react-dom-client.development.js:9513:7)
      at setRoot (components/issues/issue-detail-panel.tsx:857:23)

    console.error
      An update to OpenInProIde inside a test was not wrapped in act(...).
      
      When testing, code that causes React state updates should be wrapped into act(...):
      
      act(() => {
        /* fire events that update state */
      });
      /* assert on the output */
      
      This ensures that you're testing the behavior the user would see in the browser. Learn more at https://react.dev/link/wrap-tests-with-act

      855 |     let cancelled = false
      856 |     void import("@/lib/codeserver/pane-manager").then(({ getActiveProIdeRoot }) => {
    > 857 |       if (!cancelled) setRoot(getActiveProIdeRoot())
          |                       ^
      858 |     })
      859 |     return () => {
      860 |       cancelled = true

      at node_modules/.pnpm/react-dom@19.3.0_react@19.3.0/node_modules/react-dom/cjs/react-dom-client.development.js:20466:19
      at runWithFiberInDEV (node_modules/.pnpm/react-dom@19.3.0_react@19.3.0/node_modules/react-dom/cjs/react-dom-client.development.js:1048:13)
      at warnIfUpdatesNotWrappedWithActDEV (node_modules/.pnpm/react-dom@19.3.0_react@19.3.0/node_modules/react-dom/cjs/react-dom-client.development.js:20465:9)
      at scheduleUpdateOnFiber (node_modules/.pnpm/react-dom@19.3.0_react@19.3.0/node_modules/react-dom/cjs/react-dom-client.development.js:17920:11)
      at dispatchSetStateInternal (node_modules/.pnpm/react-dom@19.3.0_react@19.3.0/node_modules/react-dom/cjs/react-dom-client.development.js:9556:13)
      at dispatchSetState (node_modules/.pnpm/react-dom@19.3.0_react@19.3.0/node_modules/react-dom/cjs/react-dom-client.development.js:9513:7)
      at setRoot (components/issues/issue-detail-panel.tsx:857:23)

    console.error
      An update to OpenInProIde inside a test was not wrapped in act(...).
      
      When testing, code that causes React state updates should be wrapped into act(...):
      
      act(() => {
        /* fire events that update state */
      });
      /* assert on the output */
      
      This ensures that you're testing the behavior the user would see in the browser. Learn more at https://react.dev/link/wrap-tests-with-act

      855 |     let cancelled = false
      856 |     void import("@/lib/codeserver/pane-manager").then(({ getActiveProIdeRoot }) => {
    > 857 |       if (!cancelled) setRoot(getActiveProIdeRoot())
          |                       ^
      858 |     })
      859 |     return () => {
      860 |       cancelled = true

      at node_modules/.pnpm/react-dom@19.3.0_react@19.3.0/node_modules/react-dom/cjs/react-dom-client.development.js:20466:19
      at runWithFiberInDEV (node_modules/.pnpm/react-dom@19.3.0_react@19.3.0/node_modules/react-dom/cjs/react-dom-client.development.js:1048:13)
      at warnIfUpdatesNotWrappedWithActDEV (node_modules/.pnpm/react-dom@19.3.0_react@19.3.0/node_modules/react-dom/cjs/react-dom-client.development.js:20465:9)
      at scheduleUpdateOnFiber (node_modules/.pnpm/react-dom@19.3.0_react@19.3.0/node_modules/react-dom/cjs/react-dom-client.development.js:17920:11)
      at dispatchSetStateInternal (node_modules/.pnpm/react-dom@19.3.0_react@19.3.0/node_modules/react-dom/cjs/react-dom-client.development.js:9556:13)
      at dispatchSetState (node_modules/.pnpm/react-dom@19.3.0_react@19.3.0/node_modules/react-dom/cjs/react-dom-client.development.js:9513:7)
      at setRoot (components/issues/issue-detail-panel.tsx:857:23)

    console.error
      An update to OpenInProIde inside a test was not wrapped in act(...).
      
      When testing, code that causes React state updates should be wrapped into act(...):
      
      act(() => {
        /* fire events that update state */
      });
      /* assert on the output */
      
      This ensures that you're testing the behavior the user would see in the browser. Learn more at https://react.dev/link/wrap-tests-with-act

      855 |     let cancelled = false
      856 |     void import("@/lib/codeserver/pane-manager").then(({ getActiveProIdeRoot }) => {
    > 857 |       if (!cancelled) setRoot(getActiveProIdeRoot())
          |                       ^
      858 |     })
      859 |     return () => {
      860 |       cancelled = true

      at node_modules/.pnpm/react-dom@19.3.0_react@19.3.0/node_modules/react-dom/cjs/react-dom-client.development.js:20466:19
      at runWithFiberInDEV (node_modules/.pnpm/react-dom@19.3.0_react@19.3.0/node_modules/react-dom/cjs/react-dom-client.development.js:1048:13)
      at warnIfUpdatesNotWrappedWithActDEV (node_modules/.pnpm/react-dom@19.3.0_react@19.3.0/node_modules/react-dom/cjs/react-dom-client.development.js:20465:9)
      at scheduleUpdateOnFiber (node_modules/.pnpm/react-dom@19.3.0_react@19.3.0/node_modules/react-dom/cjs/react-dom-client.development.js:17920:11)
      at dispatchSetStateInternal (node_modules/.pnpm/react-dom@19.3.0_react@19.3.0/node_modules/react-dom/cjs/react-dom-client.development.js:9556:13)
      at dispatchSetState (node_modules/.pnpm/react-dom@19.3.0_react@19.3.0/node_modules/react-dom/cjs/react-dom-client.development.js:9513:7)
      at setRoot (components/issues/issue-detail-panel.tsx:857:23)

    console.error
      An update to OpenInProIde inside a test was not wrapped in act(...).
      
      When testing, code that causes React state updates should be wrapped into act(...):
      
      act(() => {
        /* fire events that update state */
      });
      /* assert on the output */
      
      This ensures that you're testing the behavior the user would see in the browser. Learn more at https://react.dev/link/wrap-tests-with-act

      855 |     let cancelled = false
      856 |     void import("@/lib/codeserver/pane-manager").then(({ getActiveProIdeRoot }) => {
    > 857 |       if (!cancelled) setRoot(getActiveProIdeRoot())
          |                       ^
      858 |     })
      859 |     return () => {
      860 |       cancelled = true

      at node_modules/.pnpm/react-dom@19.3.0_react@19.3.0/node_modules/react-dom/cjs/react-dom-client.development.js:20466:19
      at runWithFiberInDEV (node_modules/.pnpm/react-dom@19.3.0_react@19.3.0/node_modules/react-dom/cjs/react-dom-client.development.js:1048:13)
      at warnIfUpdatesNotWrappedWithActDEV (node_modules/.pnpm/react-dom@19.3.0_react@19.3.0/node_modules/react-dom/cjs/react-dom-client.development.js:20465:9)
      at scheduleUpdateOnFiber (node_modules/.pnpm/react-dom@19.3.0_react@19.3.0/node_modules/react-dom/cjs/react-dom-client.development.js:17920:11)
      at dispatchSetStateInternal (node_modules/.pnpm/react-dom@19.3.0_react@19.3.0/node_modules/react-dom/cjs/react-dom-client.development.js:9556:13)
      at dispatchSetState (node_modules/.pnpm/react-dom@19.3.0_react@19.3.0/node_modules/react-dom/cjs/react-dom-client.development.js:9513:7)
      at setRoot (components/issues/issue-detail-panel.tsx:857:23)

    console.error
      An update to OpenInProIde inside a test was not wrapped in act(...).
      
      When testing, code that causes React state updates should be wrapped into act(...):
      
      act(() => {
        /* fire events that update state */
      });
      /* assert on the output */
      
      This ensures that you're testing the behavior the user would see in the browser. Learn more at https://react.dev/link/wrap-tests-with-act

      855 |     let cancelled = false
      856 |     void import("@/lib/codeserver/pane-manager").then(({ getActiveProIdeRoot }) => {
    > 857 |       if (!cancelled) setRoot(getActiveProIdeRoot())
          |                       ^
      858 |     })
      859 |     return () => {
      860 |       cancelled = true

      at node_modules/.pnpm/react-dom@19.3.0_react@19.3.0/node_modules/react-dom/cjs/react-dom-client.development.js:20466:19
      at runWithFiberInDEV (node_modules/.pnpm/react-dom@19.3.0_react@19.3.0/node_modules/react-dom/cjs/react-dom-client.development.js:1048:13)
      at warnIfUpdatesNotWrappedWithActDEV (node_modules/.pnpm/react-dom@19.3.0_react@19.3.0/node_modules/react-dom/cjs/react-dom-client.development.js:20465:9)
      at scheduleUpdateOnFiber (node_modules/.pnpm/react-dom@19.3.0_react@19.3.0/node_modules/react-dom/cjs/react-dom-client.development.js:17920:11)
      at dispatchSetStateInternal (node_modules/.pnpm/react-dom@19.3.0_react@19.3.0/node_modules/react-dom/cjs/react-dom-client.development.js:9556:13)
      at dispatchSetState (node_modules/.pnpm/react-dom@19.3.0_react@19.3.0/node_modules/react-dom/cjs/react-dom-client.development.js:9513:7)
      at setRoot (components/issues/issue-detail-panel.tsx:857:23)

    console.error
      An update to OpenInProIde inside a test was not wrapped in act(...).
      
      When testing, code that causes React state updates should be wrapped into act(...):
      
      act(() => {
        /* fire events that update state */
      });
      /* assert on the output */
      
      This ensures that you're testing the behavior the user would see in the browser. Learn more at https://react.dev/link/wrap-tests-with-act

      855 |     let cancelled = false
      856 |     void import("@/lib/codeserver/pane-manager").then(({ getActiveProIdeRoot }) => {
    > 857 |       if (!cancelled) setRoot(getActiveProIdeRoot())
          |                       ^
      858 |     })
      859 |     return () => {
      860 |       cancelled = true

      at node_modules/.pnpm/react-dom@19.3.0_react@19.3.0/node_modules/react-dom/cjs/react-dom-client.development.js:20466:19
      at runWithFiberInDEV (node_modules/.pnpm/react-dom@19.3.0_react@19.3.0/node_modules/react-dom/cjs/react-dom-client.development.js:1048:13)
      at warnIfUpdatesNotWrappedWithActDEV (node_modules/.pnpm/react-dom@19.3.0_react@19.3.0/node_modules/react-dom/cjs/react-dom-client.development.js:20465:9)
      at scheduleUpdateOnFiber (node_modules/.pnpm/react-dom@19.3.0_react@19.3.0/node_modules/react-dom/cjs/react-dom-client.development.js:17920:11)
      at dispatchSetStateInternal (node_modules/.pnpm/react-dom@19.3.0_react@19.3.0/node_modules/react-dom/cjs/react-dom-client.development.js:9556:13)
      at dispatchSetState (node_modules/.pnpm/react-dom@19.3.0_react@19.3.0/node_modules/react-dom/cjs/react-dom-client.development.js:9513:7)
      at setRoot (components/issues/issue-detail-panel.tsx:857:23)

    console.error
      An update to OpenInProIde inside a test was not wrapped in act(...).
      
      When testing, code that causes React state updates should be wrapped into act(...):
      
      act(() => {
        /* fire events that update state */
      });
      /* assert on the output */
      
      This ensures that you're testing the behavior the user would see in the browser. Learn more at https://react.dev/link/wrap-tests-with-act

      855 |     let cancelled = false
      856 |     void import("@/lib/codeserver/pane-manager").then(({ getActiveProIdeRoot }) => {
    > 857 |       if (!cancelled) setRoot(getActiveProIdeRoot())
          |                       ^
      858 |     })
      859 |     return () => {
      860 |       cancelled = true

      at node_modules/.pnpm/react-dom@19.3.0_react@19.3.0/node_modules/react-dom/cjs/react-dom-client.development.js:20466:19
      at runWithFiberInDEV (node_modules/.pnpm/react-dom@19.3.0_react@19.3.0/node_modules/react-dom/cjs/react-dom-client.development.js:1048:13)
      at warnIfUpdatesNotWrappedWithActDEV (node_modules/.pnpm/react-dom@19.3.0_react@19.3.0/node_modules/react-dom/cjs/react-dom-client.development.js:20465:9)
      at scheduleUpdateOnFiber (node_modules/.pnpm/react-dom@19.3.0_react@19.3.0/node_modules/react-dom/cjs/react-dom-client.development.js:17920:11)
      at dispatchSetStateInternal (node_modules/.pnpm/react-dom@19.3.0_react@19.3.0/node_modules/react-dom/cjs/react-dom-client.development.js:9556:13)
      at dispatchSetState (node_modules/.pnpm/react-dom@19.3.0_react@19.3.0/node_modules/react-dom/cjs/react-dom-client.development.js:9513:7)
      at setRoot (components/issues/issue-detail-panel.tsx:857:23)

    console.error
      An update to OpenInProIde inside a test was not wrapped in act(...).
      
      When testing, code that causes React state updates should be wrapped into act(...):
      
      act(() => {
        /* fire events that update state */
      });
      /* assert on the output */
      
      This ensures that you're testing the behavior the user would see in the browser. Learn more at https://react.dev/link/wrap-tests-with-act

      855 |     let cancelled = false
      856 |     void import("@/lib/codeserver/pane-manager").then(({ getActiveProIdeRoot }) => {
    > 857 |       if (!cancelled) setRoot(getActiveProIdeRoot())
          |                       ^
      858 |     })
      859 |     return () => {
      860 |       cancelled = true

      at node_modules/.pnpm/react-dom@19.3.0_react@19.3.0/node_modules/react-dom/cjs/react-dom-client.development.js:20466:19
      at runWithFiberInDEV (node_modules/.pnpm/react-dom@19.3.0_react@19.3.0/node_modules/react-dom/cjs/react-dom-client.development.js:1048:13)
      at warnIfUpdatesNotWrappedWithActDEV (node_modules/.pnpm/react-dom@19.3.0_react@19.3.0/node_modules/react-dom/cjs/react-dom-client.development.js:20465:9)
      at scheduleUpdateOnFiber (node_modules/.pnpm/react-dom@19.3.0_react@19.3.0/node_modules/react-dom/cjs/react-dom-client.development.js:17920:11)
      at dispatchSetStateInternal (node_modules/.pnpm/react-dom@19.3.0_react@19.3.0/node_modules/react-dom/cjs/react-dom-client.development.js:9556:13)
      at dispatchSetState (node_modules/.pnpm/react-dom@19.3.0_react@19.3.0/node_modules/react-dom/cjs/react-dom-client.development.js:9513:7)
      at setRoot (components/issues/issue-detail-panel.tsx:857:23)

    console.error
      An update to OpenInProIde inside a test was not wrapped in act(...).
      
      When testing, code that causes React state updates should be wrapped into act(...):
      
      act(() => {
        /* fire events that update state */
      });
      /* assert on the output */
      
      This ensures that you're testing the behavior the user would see in the browser. Learn more at https://react.dev/link/wrap-tests-with-act

      855 |     let cancelled = false
      856 |     void import("@/lib/codeserver/pane-manager").then(({ getActiveProIdeRoot }) => {
    > 857 |       if (!cancelled) setRoot(getActiveProIdeRoot())
          |                       ^
      858 |     })
      859 |     return () => {
      860 |       cancelled = true

      at node_modules/.pnpm/react-dom@19.3.0_react@19.3.0/node_modules/react-dom/cjs/react-dom-client.development.js:20466:19
      at runWithFiberInDEV (node_modules/.pnpm/react-dom@19.3.0_react@19.3.0/node_modules/react-dom/cjs/react-dom-client.development.js:1048:13)
      at warnIfUpdatesNotWrappedWithActDEV (node_modules/.pnpm/react-dom@19.3.0_react@19.3.0/node_modules/react-dom/cjs/react-dom-client.development.js:20465:9)
      at scheduleUpdateOnFiber (node_modules/.pnpm/react-dom@19.3.0_react@19.3.0/node_modules/react-dom/cjs/react-dom-client.development.js:17920:11)
      at dispatchSetStateInternal (node_modules/.pnpm/react-dom@19.3.0_react@19.3.0/node_modules/react-dom/cjs/react-dom-client.development.js:9556:13)
      at dispatchSetState (node_modules/.pnpm/react-dom@19.3.0_react@19.3.0/node_modules/react-dom/cjs/react-dom-client.development.js:9513:7)
      at setRoot (components/issues/issue-detail-panel.tsx:857:23)

    console.error
      An update to OpenInProIde inside a test was not wrapped in act(...).
      
      When testing, code that causes React state updates should be wrapped into act(...):
      
      act(() => {
        /* fire events that update state */
      });
      /* assert on the output */
      
      This ensures that you're testing the behavior the user would see in the browser. Learn more at https://react.dev/link/wrap-tests-with-act

      855 |     let cancelled = false
      856 |     void import("@/lib/codeserver/pane-manager").then(({ getActiveProIdeRoot }) => {
    > 857 |       if (!cancelled) setRoot(getActiveProIdeRoot())
          |                       ^
      858 |     })
      859 |     return () => {
      860 |       cancelled = true

      at node_modules/.pnpm/react-dom@19.3.0_react@19.3.0/node_modules/react-dom/cjs/react-dom-client.development.js:20466:19
      at runWithFiberInDEV (node_modules/.pnpm/react-dom@19.3.0_react@19.3.0/node_modules/react-dom/cjs/react-dom-client.development.js:1048:13)
      at warnIfUpdatesNotWrappedWithActDEV (node_modules/.pnpm/react-dom@19.3.0_react@19.3.0/node_modules/react-dom/cjs/react-dom-client.development.js:20465:9)
      at scheduleUpdateOnFiber (node_modules/.pnpm/react-dom@19.3.0_react@19.3.0/node_modules/react-dom/cjs/react-dom-client.development.js:17920:11)
      at dispatchSetStateInternal (node_modules/.pnpm/react-dom@19.3.0_react@19.3.0/node_modules/react-dom/cjs/react-dom-client.development.js:9556:13)
      at dispatchSetState (node_modules/.pnpm/react-dom@19.3.0_react@19.3.0/node_modules/react-dom/cjs/react-dom-client.development.js:9513:7)
      at setRoot (components/issues/issue-detail-panel.tsx:857:23)

    console.error
      An update to OpenInProIde inside a test was not wrapped in act(...).
      
      When testing, code that causes React state updates should be wrapped into act(...):
      
      act(() => {
        /* fire events that update state */
      });
      /* assert on the output */
      
      This ensures that you're testing the behavior the user would see in the browser. Learn more at https://react.dev/link/wrap-tests-with-act

      855 |     let cancelled = false
      856 |     void import("@/lib/codeserver/pane-manager").then(({ getActiveProIdeRoot }) => {
    > 857 |       if (!cancelled) setRoot(getActiveProIdeRoot())
          |                       ^
      858 |     })
      859 |     return () => {
      860 |       cancelled = true

      at node_modules/.pnpm/react-dom@19.3.0_react@19.3.0/node_modules/react-dom/cjs/react-dom-client.development.js:20466:19
      at runWithFiberInDEV (node_modules/.pnpm/react-dom@19.3.0_react@19.3.0/node_modules/react-dom/cjs/react-dom-client.development.js:1048:13)
      at warnIfUpdatesNotWrappedWithActDEV (node_modules/.pnpm/react-dom@19.3.0_react@19.3.0/node_modules/react-dom/cjs/react-dom-client.development.js:20465:9)
      at scheduleUpdateOnFiber (node_modules/.pnpm/react-dom@19.3.0_react@19.3.0/node_modules/react-dom/cjs/react-dom-client.development.js:17920:11)
      at dispatchSetStateInternal (node_modules/.pnpm/react-dom@19.3.0_react@19.3.0/node_modules/react-dom/cjs/react-dom-client.development.js:9556:13)
      at dispatchSetState (node_modules/.pnpm/react-dom@19.3.0_react@19.3.0/node_modules/react-dom/cjs/react-dom-client.development.js:9513:7)
      at setRoot (components/issues/issue-detail-panel.tsx:857:23)

    console.error
      An update to OpenInProIde inside a test was not wrapped in act(...).
      
      When testing, code that causes React state updates should be wrapped into act(...):
      
      act(() => {
        /* fire events that update state */
      });
      /* assert on the output */
      
      This ensures that you're testing the behavior the user would see in the browser. Learn more at https://react.dev/link/wrap-tests-with-act

      855 |     let cancelled = false
      856 |     void import("@/lib/codeserver/pane-manager").then(({ getActiveProIdeRoot }) => {
    > 857 |       if (!cancelled) setRoot(getActiveProIdeRoot())
          |                       ^
      858 |     })
      859 |     return () => {
      860 |       cancelled = true

      at node_modules/.pnpm/react-dom@19.3.0_react@19.3.0/node_modules/react-dom/cjs/react-dom-client.development.js:20466:19
      at runWithFiberInDEV (node_modules/.pnpm/react-dom@19.3.0_react@19.3.0/node_modules/react-dom/cjs/react-dom-client.development.js:1048:13)
      at warnIfUpdatesNotWrappedWithActDEV (node_modules/.pnpm/react-dom@19.3.0_react@19.3.0/node_modules/react-dom/cjs/react-dom-client.development.js:20465:9)
      at scheduleUpdateOnFiber (node_modules/.pnpm/react-dom@19.3.0_react@19.3.0/node_modules/react-dom/cjs/react-dom-client.development.js:17920:11)
      at dispatchSetStateInternal (node_modules/.pnpm/react-dom@19.3.0_react@19.3.0/node_modules/react-dom/cjs/react-dom-client.development.js:9556:13)
      at dispatchSetState (node_modules/.pnpm/react-dom@19.3.0_react@19.3.0/node_modules/react-dom/cjs/react-dom-client.development.js:9513:7)
      at setRoot (components/issues/issue-detail-panel.tsx:857:23)

    console.error
      An update to OpenInProIde inside a test was not wrapped in act(...).
      
      When testing, code that causes React state updates should be wrapped into act(...):
      
      act(() => {
        /* fire events that update state */
      });
      /* assert on the output */
      
      This ensures that you're testing the behavior the user would see in the browser. Learn more at https://react.dev/link/wrap-tests-with-act

      855 |     let cancelled = false
      856 |     void import("@/lib/codeserver/pane-manager").then(({ getActiveProIdeRoot }) => {
    > 857 |       if (!cancelled) setRoot(getActiveProIdeRoot())
          |                       ^
      858 |     })
      859 |     return () => {
      860 |       cancelled = true

      at node_modules/.pnpm/react-dom@19.3.0_react@19.3.0/node_modules/react-dom/cjs/react-dom-client.development.js:20466:19
      at runWithFiberInDEV (node_modules/.pnpm/react-dom@19.3.0_react@19.3.0/node_modules/react-dom/cjs/react-dom-client.development.js:1048:13)
      at warnIfUpdatesNotWrappedWithActDEV (node_modules/.pnpm/react-dom@19.3.0_react@19.3.0/node_modules/react-dom/cjs/react-dom-client.development.js:20465:9)
      at scheduleUpdateOnFiber (node_modules/.pnpm/react-dom@19.3.0_react@19.3.0/node_modules/react-dom/cjs/react-dom-client.development.js:17920:11)
      at dispatchSetStateInternal (node_modules/.pnpm/react-dom@19.3.0_react@19.3.0/node_modules/react-dom/cjs/react-dom-client.development.js:9556:13)
      at dispatchSetState (node_modules/.pnpm/react-dom@19.3.0_react@19.3.0/node_modules/react-dom/cjs/react-dom-client.development.js:9513:7)
      at setRoot (components/issues/issue-detail-panel.tsx:857:23)

    console.error
      An update to OpenInProIde inside a test was not wrapped in act(...).
      
      When testing, code that causes React state updates should be wrapped into act(...):
      
      act(() => {
        /* fire events that update state */
      });
      /* assert on the output */
      
      This ensures that you're testing the behavior the user would see in the browser. Learn more at https://react.dev/link/wrap-tests-with-act

      855 |     let cancelled = false
      856 |     void import("@/lib/codeserver/pane-manager").then(({ getActiveProIdeRoot }) => {
    > 857 |       if (!cancelled) setRoot(getActiveProIdeRoot())
          |                       ^
      858 |     })
      859 |     return () => {
      860 |       cancelled = true

      at node_modules/.pnpm/react-dom@19.3.0_react@19.3.0/node_modules/react-dom/cjs/react-dom-client.development.js:20466:19
      at runWithFiberInDEV (node_modules/.pnpm/react-dom@19.3.0_react@19.3.0/node_modules/react-dom/cjs/react-dom-client.development.js:1048:13)
      at warnIfUpdatesNotWrappedWithActDEV (node_modules/.pnpm/react-dom@19.3.0_react@19.3.0/node_modules/react-dom/cjs/react-dom-client.development.js:20465:9)
      at scheduleUpdateOnFiber (node_modules/.pnpm/react-dom@19.3.0_react@19.3.0/node_modules/react-dom/cjs/react-dom-client.development.js:17920:11)
      at dispatchSetStateInternal (node_modules/.pnpm/react-dom@19.3.0_react@19.3.0/node_modules/react-dom/cjs/react-dom-client.development.js:9556:13)
      at dispatchSetState (node_modules/.pnpm/react-dom@19.3.0_react@19.3.0/node_modules/react-dom/cjs/react-dom-client.development.js:9513:7)
      at setRoot (components/issues/issue-detail-panel.tsx:857:23)

    console.error
      An update to OpenInProIde inside a test was not wrapped in act(...).
      
      When testing, code that causes React state updates should be wrapped into act(...):
      
      act(() => {
        /* fire events that update state */
      });
      /* assert on the output */
      
      This ensures that you're testing the behavior the user would see in the browser. Learn more at https://react.dev/link/wrap-tests-with-act

      855 |     let cancelled = false
      856 |     void import("@/lib/codeserver/pane-manager").then(({ getActiveProIdeRoot }) => {
    > 857 |       if (!cancelled) setRoot(getActiveProIdeRoot())
          |                       ^
      858 |     })
      859 |     return () => {
      860 |       cancelled = true

      at node_modules/.pnpm/react-dom@19.3.0_react@19.3.0/node_modules/react-dom/cjs/react-dom-client.development.js:20466:19
      at runWithFiberInDEV (node_modules/.pnpm/react-dom@19.3.0_react@19.3.0/node_modules/react-dom/cjs/react-dom-client.development.js:1048:13)
      at warnIfUpdatesNotWrappedWithActDEV (node_modules/.pnpm/react-dom@19.3.0_react@19.3.0/node_modules/react-dom/cjs/react-dom-client.development.js:20465:9)
      at scheduleUpdateOnFiber (node_modules/.pnpm/react-dom@19.3.0_react@19.3.0/node_modules/react-dom/cjs/react-dom-client.development.js:17920:11)
      at dispatchSetStateInternal (node_modules/.pnpm/react-dom@19.3.0_react@19.3.0/node_modules/react-dom/cjs/react-dom-client.development.js:9556:13)
      at dispatchSetState (node_modules/.pnpm/react-dom@19.3.0_react@19.3.0/node_modules/react-dom/cjs/react-dom-client.development.js:9513:7)
      at setRoot (components/issues/issue-detail-panel.tsx:857:23)

    console.error
      An update to OpenInProIde inside a test was not wrapped in act(...).
      
      When testing, code that causes React state updates should be wrapped into act(...):
      
      act(() => {
        /* fire events that update state */
      });
      /* assert on the output */
      
      This ensures that you're testing the behavior the user would see in the browser. Learn more at https://react.dev/link/wrap-tests-with-act

      855 |     let cancelled = false
      856 |     void import("@/lib/codeserver/pane-manager").then(({ getActiveProIdeRoot }) => {
    > 857 |       if (!cancelled) setRoot(getActiveProIdeRoot())
          |                       ^
      858 |     })
      859 |     return () => {
      860 |       cancelled = true

      at node_modules/.pnpm/react-dom@19.3.0_react@19.3.0/node_modules/react-dom/cjs/react-dom-client.development.js:20466:19
      at runWithFiberInDEV (node_modules/.pnpm/react-dom@19.3.0_react@19.3.0/node_modules/react-dom/cjs/react-dom-client.development.js:1048:13)
      at warnIfUpdatesNotWrappedWithActDEV (node_modules/.pnpm/react-dom@19.3.0_react@19.3.0/node_modules/react-dom/cjs/react-dom-client.development.js:20465:9)
      at scheduleUpdateOnFiber (node_modules/.pnpm/react-dom@19.3.0_react@19.3.0/node_modules/react-dom/cjs/react-dom-client.development.js:17920:11)
      at dispatchSetStateInternal (node_modules/.pnpm/react-dom@19.3.0_react@19.3.0/node_modules/react-dom/cjs/react-dom-client.development.js:9556:13)
      at dispatchSetState (node_modules/.pnpm/react-dom@19.3.0_react@19.3.0/node_modules/react-dom/cjs/react-dom-client.development.js:9513:7)
      at setRoot (components/issues/issue-detail-panel.tsx:857:23)

    console.error
      An update to OpenInProIde inside a test was not wrapped in act(...).
      
      When testing, code that causes React state updates should be wrapped into act(...):
      
      act(() => {
        /* fire events that update state */
      });
      /* assert on the output */
      
      This ensures that you're testing the behavior the user would see in the browser. Learn more at https://react.dev/link/wrap-tests-with-act

      855 |     let cancelled = false
      856 |     void import("@/lib/codeserver/pane-manager").then(({ getActiveProIdeRoot }) => {
    > 857 |       if (!cancelled) setRoot(getActiveProIdeRoot())
          |                       ^
      858 |     })
      859 |     return () => {
      860 |       cancelled = true

      at node_modules/.pnpm/react-dom@19.3.0_react@19.3.0/node_modules/react-dom/cjs/react-dom-client.development.js:20466:19
      at runWithFiberInDEV (node_modules/.pnpm/react-dom@19.3.0_react@19.3.0/node_modules/react-dom/cjs/react-dom-client.development.js:1048:13)
      at warnIfUpdatesNotWrappedWithActDEV (node_modules/.pnpm/react-dom@19.3.0_react@19.3.0/node_modules/react-dom/cjs/react-dom-client.development.js:20465:9)
      at scheduleUpdateOnFiber (node_modules/.pnpm/react-dom@19.3.0_react@19.3.0/node_modules/react-dom/cjs/react-dom-client.development.js:17920:11)
      at dispatchSetStateInternal (node_modules/.pnpm/react-dom@19.3.0_react@19.3.0/node_modules/react-dom/cjs/react-dom-client.development.js:9556:13)
      at dispatchSetState (node_modules/.pnpm/react-dom@19.3.0_react@19.3.0/node_modules/react-dom/cjs/react-dom-client.development.js:9513:7)
      at setRoot (components/issues/issue-detail-panel.tsx:857:23)

    console.error
      An update to OpenInProIde inside a test was not wrapped in act(...).
      
      When testing, code that causes React state updates should be wrapped into act(...):
      
      act(() => {
        /* fire events that update state */
      });
      /* assert on the output */
      
      This ensures that you're testing the behavior the user would see in the browser. Learn more at https://react.dev/link/wrap-tests-with-act

      855 |     let cancelled = false
      856 |     void import("@/lib/codeserver/pane-manager").then(({ getActiveProIdeRoot }) => {
    > 857 |       if (!cancelled) setRoot(getActiveProIdeRoot())
          |                       ^
      858 |     })
      859 |     return () => {
      860 |       cancelled = true

      at node_modules/.pnpm/react-dom@19.3.0_react@19.3.0/node_modules/react-dom/cjs/react-dom-client.development.js:20466:19
      at runWithFiberInDEV (node_modules/.pnpm/react-dom@19.3.0_react@19.3.0/node_modules/react-dom/cjs/react-dom-client.development.js:1048:13)
      at warnIfUpdatesNotWrappedWithActDEV (node_modules/.pnpm/react-dom@19.3.0_react@19.3.0/node_modules/react-dom/cjs/react-dom-client.development.js:20465:9)
      at scheduleUpdateOnFiber (node_modules/.pnpm/react-dom@19.3.0_react@19.3.0/node_modules/react-dom/cjs/react-dom-client.development.js:17920:11)
      at dispatchSetStateInternal (node_modules/.pnpm/react-dom@19.3.0_react@19.3.0/node_modules/react-dom/cjs/react-dom-client.development.js:9556:13)
      at dispatchSetState (node_modules/.pnpm/react-dom@19.3.0_react@19.3.0/node_modules/react-dom/cjs/react-dom-client.development.js:9513:7)
      at setRoot (components/issues/issue-detail-panel.tsx:857:23)

    console.error
      An update to OpenInProIde inside a test was not wrapped in act(...).
      
      When testing, code that causes React state updates should be wrapped into act(...):
      
      act(() => {
        /* fire events that update state */
      });
      /* assert on the output */
      
      This ensures that you're testing the behavior the user would see in the browser. Learn more at https://react.dev/link/wrap-tests-with-act

      855 |     let cancelled = false
      856 |     void import("@/lib/codeserver/pane-manager").then(({ getActiveProIdeRoot }) => {
    > 857 |       if (!cancelled) setRoot(getActiveProIdeRoot())
          |                       ^
      858 |     })
      859 |     return () => {
      860 |       cancelled = true

      at node_modules/.pnpm/react-dom@19.3.0_react@19.3.0/node_modules/react-dom/cjs/react-dom-client.development.js:20466:19
      at runWithFiberInDEV (node_modules/.pnpm/react-dom@19.3.0_react@19.3.0/node_modules/react-dom/cjs/react-dom-client.development.js:1048:13)
      at warnIfUpdatesNotWrappedWithActDEV (node_modules/.pnpm/react-dom@19.3.0_react@19.3.0/node_modules/react-dom/cjs/react-dom-client.development.js:20465:9)
      at scheduleUpdateOnFiber (node_modules/.pnpm/react-dom@19.3.0_react@19.3.0/node_modules/react-dom/cjs/react-dom-client.development.js:17920:11)
      at dispatchSetStateInternal (node_modules/.pnpm/react-dom@19.3.0_react@19.3.0/node_modules/react-dom/cjs/react-dom-client.development.js:9556:13)
      at dispatchSetState (node_modules/.pnpm/react-dom@19.3.0_react@19.3.0/node_modules/react-dom/cjs/react-dom-client.development.js:9513:7)
      at setRoot (components/issues/issue-detail-panel.tsx:857:23)

    console.error
      An update to OpenInProIde inside a test was not wrapped in act(...).
      
      When testing, code that causes React state updates should be wrapped into act(...):
      
      act(() => {
        /* fire events that update state */
      });
      /* assert on the output */
      
      This ensures that you're testing the behavior the user would see in the browser. Learn more at https://react.dev/link/wrap-tests-with-act

      855 |     let cancelled = false
      856 |     void import("@/lib/codeserver/pane-manager").then(({ getActiveProIdeRoot }) => {
    > 857 |       if (!cancelled) setRoot(getActiveProIdeRoot())
          |                       ^
      858 |     })
      859 |     return () => {
      860 |       cancelled = true

      at node_modules/.pnpm/react-dom@19.3.0_react@19.3.0/node_modules/react-dom/cjs/react-dom-client.development.js:20466:19
      at runWithFiberInDEV (node_modules/.pnpm/react-dom@19.3.0_react@19.3.0/node_modules/react-dom/cjs/react-dom-client.development.js:1048:13)
      at warnIfUpdatesNotWrappedWithActDEV (node_modules/.pnpm/react-dom@19.3.0_react@19.3.0/node_modules/react-dom/cjs/react-dom-client.development.js:20465:9)
      at scheduleUpdateOnFiber (node_modules/.pnpm/react-dom@19.3.0_react@19.3.0/node_modules/react-dom/cjs/react-dom-client.development.js:17920:11)
      at dispatchSetStateInternal (node_modules/.pnpm/react-dom@19.3.0_react@19.3.0/node_modules/react-dom/cjs/react-dom-client.development.js:9556:13)
      at dispatchSetState (node_modules/.pnpm/react-dom@19.3.0_react@19.3.0/node_modules/react-dom/cjs/react-dom-client.development.js:9513:7)
      at setRoot (components/issues/issue-detail-panel.tsx:857:23)

    console.error
      An update to OpenInProIde inside a test was not wrapped in act(...).
      
      When testing, code that causes React state updates should be wrapped into act(...):
      
      act(() => {
        /* fire events that update state */
      });
      /* assert on the output */
      
      This ensures that you're testing the behavior the user would see in the browser. Learn more at https://react.dev/link/wrap-tests-with-act

      855 |     let cancelled = false
      856 |     void import("@/lib/codeserver/pane-manager").then(({ getActiveProIdeRoot }) => {
    > 857 |       if (!cancelled) setRoot(getActiveProIdeRoot())
          |                       ^
      858 |     })
      859 |     return () => {
      860 |       cancelled = true

      at node_modules/.pnpm/react-dom@19.3.0_react@19.3.0/node_modules/react-dom/cjs/react-dom-client.development.js:20466:19
      at runWithFiberInDEV (node_modules/.pnpm/react-dom@19.3.0_react@19.3.0/node_modules/react-dom/cjs/react-dom-client.development.js:1048:13)
      at warnIfUpdatesNotWrappedWithActDEV (node_modules/.pnpm/react-dom@19.3.0_react@19.3.0/node_modules/react-dom/cjs/react-dom-client.development.js:20465:9)
      at scheduleUpdateOnFiber (node_modules/.pnpm/react-dom@19.3.0_react@19.3.0/node_modules/react-dom/cjs/react-dom-client.development.js:17920:11)
      at dispatchSetStateInternal (node_modules/.pnpm/react-dom@19.3.0_react@19.3.0/node_modules/react-dom/cjs/react-dom-client.development.js:9556:13)
      at dispatchSetState (node_modules/.pnpm/react-dom@19.3.0_react@19.3.0/node_modules/react-dom/cjs/react-dom-client.development.js:9513:7)
      at setRoot (components/issues/issue-detail-panel.tsx:857:23)

    console.error
      An update to OpenInProIde inside a test was not wrapped in act(...).
      
      When testing, code that causes React state updates should be wrapped into act(...):
      
      act(() => {
        /* fire events that update state */
      });
      /* assert on the output */
      
      This ensures that you're testing the behavior the user would see in the browser. Learn more at https://react.dev/link/wrap-tests-with-act

      855 |     let cancelled = false
      856 |     void import("@/lib/codeserver/pane-manager").then(({ getActiveProIdeRoot }) => {
    > 857 |       if (!cancelled) setRoot(getActiveProIdeRoot())
          |                       ^
      858 |     })
      859 |     return () => {
      860 |       cancelled = true

      at node_modules/.pnpm/react-dom@19.3.0_react@19.3.0/node_modules/react-dom/cjs/react-dom-client.development.js:20466:19
      at runWithFiberInDEV (node_modules/.pnpm/react-dom@19.3.0_react@19.3.0/node_modules/react-dom/cjs/react-dom-client.development.js:1048:13)
      at warnIfUpdatesNotWrappedWithActDEV (node_modules/.pnpm/react-dom@19.3.0_react@19.3.0/node_modules/react-dom/cjs/react-dom-client.development.js:20465:9)
      at scheduleUpdateOnFiber (node_modules/.pnpm/react-dom@19.3.0_react@19.3.0/node_modules/react-dom/cjs/react-dom-client.development.js:17920:11)
      at dispatchSetStateInternal (node_modules/.pnpm/react-dom@19.3.0_react@19.3.0/node_modules/react-dom/cjs/react-dom-client.development.js:9556:13)
      at dispatchSetState (node_modules/.pnpm/react-dom@19.3.0_react@19.3.0/node_modules/react-dom/cjs/react-dom-client.development.js:9513:7)
      at setRoot (components/issues/issue-detail-panel.tsx:857:23)

    console.error
      An update to OpenInProIde inside a test was not wrapped in act(...).
      
      When testing, code that causes React state updates should be wrapped into act(...):
      
      act(() => {
        /* fire events that update state */
      });
      /* assert on the output */
      
      This ensures that you're testing the behavior the user would see in the browser. Learn more at https://react.dev/link/wrap-tests-with-act

      855 |     let cancelled = false
      856 |     void import("@/lib/codeserver/pane-manager").then(({ getActiveProIdeRoot }) => {
    > 857 |       if (!cancelled) setRoot(getActiveProIdeRoot())
          |                       ^
      858 |     })
      859 |     return () => {
      860 |       cancelled = true

      at node_modules/.pnpm/react-dom@19.3.0_react@19.3.0/node_modules/react-dom/cjs/react-dom-client.development.js:20466:19
      at runWithFiberInDEV (node_modules/.pnpm/react-dom@19.3.0_react@19.3.0/node_modules/react-dom/cjs/react-dom-client.development.js:1048:13)
      at warnIfUpdatesNotWrappedWithActDEV (node_modules/.pnpm/react-dom@19.3.0_react@19.3.0/node_modules/react-dom/cjs/react-dom-client.development.js:20465:9)
      at scheduleUpdateOnFiber (node_modules/.pnpm/react-dom@19.3.0_react@19.3.0/node_modules/react-dom/cjs/react-dom-client.development.js:17920:11)
      at dispatchSetStateInternal (node_modules/.pnpm/react-dom@19.3.0_react@19.3.0/node_modules/react-dom/cjs/react-dom-client.development.js:9556:13)
      at dispatchSetState (node_modules/.pnpm/react-dom@19.3.0_react@19.3.0/node_modules/react-dom/cjs/react-dom-client.development.js:9513:7)
      at setRoot (components/issues/issue-detail-panel.tsx:857:23)

    console.error
      An update to OpenInProIde inside a test was not wrapped in act(...).
      
      When testing, code that causes React state updates should be wrapped into act(...):
      
      act(() => {
        /* fire events that update state */
      });
      /* assert on the output */
      
      This ensures that you're testing the behavior the user would see in the browser. Learn more at https://react.dev/link/wrap-tests-with-act

      855 |     let cancelled = false
      856 |     void import("@/lib/codeserver/pane-manager").then(({ getActiveProIdeRoot }) => {
    > 857 |       if (!cancelled) setRoot(getActiveProIdeRoot())
          |                       ^
      858 |     })
      859 |     return () => {
      860 |       cancelled = true

      at node_modules/.pnpm/react-dom@19.3.0_react@19.3.0/node_modules/react-dom/cjs/react-dom-client.development.js:20466:19
      at runWithFiberInDEV (node_modules/.pnpm/react-dom@19.3.0_react@19.3.0/node_modules/react-dom/cjs/react-dom-client.development.js:1048:13)
      at warnIfUpdatesNotWrappedWithActDEV (node_modules/.pnpm/react-dom@19.3.0_react@19.3.0/node_modules/react-dom/cjs/react-dom-client.development.js:20465:9)
      at scheduleUpdateOnFiber (node_modules/.pnpm/react-dom@19.3.0_react@19.3.0/node_modules/react-dom/cjs/react-dom-client.development.js:17920:11)
      at dispatchSetStateInternal (node_modules/.pnpm/react-dom@19.3.0_react@19.3.0/node_modules/react-dom/cjs/react-dom-client.development.js:9556:13)
      at dispatchSetState (node_modules/.pnpm/react-dom@19.3.0_react@19.3.0/node_modules/react-dom/cjs/react-dom-client.development.js:9513:7)
      at setRoot (components/issues/issue-detail-panel.tsx:857:23)

    console.error
      An update to OpenInProIde inside a test was not wrapped in act(...).
      
      When testing, code that causes React state updates should be wrapped into act(...):
      
      act(() => {
        /* fire events that update state */
      });
      /* assert on the output */
      
      This ensures that you're testing the behavior the user would see in the browser. Learn more at https://react.dev/link/wrap-tests-with-act

      855 |     let cancelled = false
      856 |     void import("@/lib/codeserver/pane-manager").then(({ getActiveProIdeRoot }) => {
    > 857 |       if (!cancelled) setRoot(getActiveProIdeRoot())
          |                       ^
      858 |     })
      859 |     return () => {
      860 |       cancelled = true

      at node_modules/.pnpm/react-dom@19.3.0_react@19.3.0/node_modules/react-dom/cjs/react-dom-client.development.js:20466:19
      at runWithFiberInDEV (node_modules/.pnpm/react-dom@19.3.0_react@19.3.0/node_modules/react-dom/cjs/react-dom-client.development.js:1048:13)
      at warnIfUpdatesNotWrappedWithActDEV (node_modules/.pnpm/react-dom@19.3.0_react@19.3.0/node_modules/react-dom/cjs/react-dom-client.development.js:20465:9)
      at scheduleUpdateOnFiber (node_modules/.pnpm/react-dom@19.3.0_react@19.3.0/node_modules/react-dom/cjs/react-dom-client.development.js:17920:11)
      at dispatchSetStateInternal (node_modules/.pnpm/react-dom@19.3.0_react@19.3.0/node_modules/react-dom/cjs/react-dom-client.development.js:9556:13)
      at dispatchSetState (node_modules/.pnpm/react-dom@19.3.0_react@19.3.0/node_modules/react-dom/cjs/react-dom-client.development.js:9513:7)
      at setRoot (components/issues/issue-detail-panel.tsx:857:23)

    console.error
      An update to OpenInProIde inside a test was not wrapped in act(...).
      
      When testing, code that causes React state updates should be wrapped into act(...):
      
      act(() => {
        /* fire events that update state */
      });
      /* assert on the output */
      
      This ensures that you're testing the behavior the user would see in the browser. Learn more at https://react.dev/link/wrap-tests-with-act

      855 |     let cancelled = false
      856 |     void import("@/lib/codeserver/pane-manager").then(({ getActiveProIdeRoot }) => {
    > 857 |       if (!cancelled) setRoot(getActiveProIdeRoot())
          |                       ^
      858 |     })
      859 |     return () => {
      860 |       cancelled = true

      at node_modules/.pnpm/react-dom@19.3.0_react@19.3.0/node_modules/react-dom/cjs/react-dom-client.development.js:20466:19
      at runWithFiberInDEV (node_modules/.pnpm/react-dom@19.3.0_react@19.3.0/node_modules/react-dom/cjs/react-dom-client.development.js:1048:13)
      at warnIfUpdatesNotWrappedWithActDEV (node_modules/.pnpm/react-dom@19.3.0_react@19.3.0/node_modules/react-dom/cjs/react-dom-client.development.js:20465:9)
      at scheduleUpdateOnFiber (node_modules/.pnpm/react-dom@19.3.0_react@19.3.0/node_modules/react-dom/cjs/react-dom-client.development.js:17920:11)
      at dispatchSetStateInternal (node_modules/.pnpm/react-dom@19.3.0_react@19.3.0/node_modules/react-dom/cjs/react-dom-client.development.js:9556:13)
      at dispatchSetState (node_modules/.pnpm/react-dom@19.3.0_react@19.3.0/node_modules/react-dom/cjs/react-dom-client.development.js:9513:7)
      at setRoot (components/issues/issue-detail-panel.tsx:857:23)

    console.error
      An update to OpenInProIde inside a test was not wrapped in act(...).
      
      When testing, code that causes React state updates should be wrapped into act(...):
      
      act(() => {
        /* fire events that update state */
      });
      /* assert on the output */
      
      This ensures that you're testing the behavior the user would see in the browser. Learn more at https://react.dev/link/wrap-tests-with-act

      855 |     let cancelled = false
      856 |     void import("@/lib/codeserver/pane-manager").then(({ getActiveProIdeRoot }) => {
    > 857 |       if (!cancelled) setRoot(getActiveProIdeRoot())
          |                       ^
      858 |     })
      859 |     return () => {
      860 |       cancelled = true

      at node_modules/.pnpm/react-dom@19.3.0_react@19.3.0/node_modules/react-dom/cjs/react-dom-client.development.js:20466:19
      at runWithFiberInDEV (node_modules/.pnpm/react-dom@19.3.0_react@19.3.0/node_modules/react-dom/cjs/react-dom-client.development.js:1048:13)
      at warnIfUpdatesNotWrappedWithActDEV (node_modules/.pnpm/react-dom@19.3.0_react@19.3.0/node_modules/react-dom/cjs/react-dom-client.development.js:20465:9)
      at scheduleUpdateOnFiber (node_modules/.pnpm/react-dom@19.3.0_react@19.3.0/node_modules/react-dom/cjs/react-dom-client.development.js:17920:11)
      at dispatchSetStateInternal (node_modules/.pnpm/react-dom@19.3.0_react@19.3.0/node_modules/react-dom/cjs/react-dom-client.development.js:9556:13)
      at dispatchSetState (node_modules/.pnpm/react-dom@19.3.0_react@19.3.0/node_modules/react-dom/cjs/react-dom-client.development.js:9513:7)
      at setRoot (components/issues/issue-detail-panel.tsx:857:23)

    console.error
      An update to OpenInProIde inside a test was not wrapped in act(...).
      
      When testing, code that causes React state updates should be wrapped into act(...):
      
      act(() => {
        /* fire events that update state */
      });
      /* assert on the output */
      
      This ensures that you're testing the behavior the user would see in the browser. Learn more at https://react.dev/link/wrap-tests-with-act

      855 |     let cancelled = false
      856 |     void import("@/lib/codeserver/pane-manager").then(({ getActiveProIdeRoot }) => {
    > 857 |       if (!cancelled) setRoot(getActiveProIdeRoot())
          |                       ^
      858 |     })
      859 |     return () => {
      860 |       cancelled = true

      at node_modules/.pnpm/react-dom@19.3.0_react@19.3.0/node_modules/react-dom/cjs/react-dom-client.development.js:20466:19
      at runWithFiberInDEV (node_modules/.pnpm/react-dom@19.3.0_react@19.3.0/node_modules/react-dom/cjs/react-dom-client.development.js:1048:13)
      at warnIfUpdatesNotWrappedWithActDEV (node_modules/.pnpm/react-dom@19.3.0_react@19.3.0/node_modules/react-dom/cjs/react-dom-client.development.js:20465:9)
      at scheduleUpdateOnFiber (node_modules/.pnpm/react-dom@19.3.0_react@19.3.0/node_modules/react-dom/cjs/react-dom-client.development.js:17920:11)
      at dispatchSetStateInternal (node_modules/.pnpm/react-dom@19.3.0_react@19.3.0/node_modules/react-dom/cjs/react-dom-client.development.js:9556:13)
      at dispatchSetState (node_modules/.pnpm/react-dom@19.3.0_react@19.3.0/node_modules/react-dom/cjs/react-dom-client.development.js:9513:7)
      at setRoot (components/issues/issue-detail-panel.tsx:857:23)

    console.error
      An update to OpenInProIde inside a test was not wrapped in act(...).
      
      When testing, code that causes React state updates should be wrapped into act(...):
      
      act(() => {
        /* fire events that update state */
      });
      /* assert on the output */
      
      This ensures that you're testing the behavior the user would see in the browser. Learn more at https://react.dev/link/wrap-tests-with-act

      855 |     let cancelled = false
      856 |     void import("@/lib/codeserver/pane-manager").then(({ getActiveProIdeRoot }) => {
    > 857 |       if (!cancelled) setRoot(getActiveProIdeRoot())
          |                       ^
      858 |     })
      859 |     return () => {
      860 |       cancelled = true

      at node_modules/.pnpm/react-dom@19.3.0_react@19.3.0/node_modules/react-dom/cjs/react-dom-client.development.js:20466:19
      at runWithFiberInDEV (node_modules/.pnpm/react-dom@19.3.0_react@19.3.0/node_modules/react-dom/cjs/react-dom-client.development.js:1048:13)
      at warnIfUpdatesNotWrappedWithActDEV (node_modules/.pnpm/react-dom@19.3.0_react@19.3.0/node_modules/react-dom/cjs/react-dom-client.development.js:20465:9)
      at scheduleUpdateOnFiber (node_modules/.pnpm/react-dom@19.3.0_react@19.3.0/node_modules/react-dom/cjs/react-dom-client.development.js:17920:11)
      at dispatchSetStateInternal (node_modules/.pnpm/react-dom@19.3.0_react@19.3.0/node_modules/react-dom/cjs/react-dom-client.development.js:9556:13)
      at dispatchSetState (node_modules/.pnpm/react-dom@19.3.0_react@19.3.0/node_modules/react-dom/cjs/react-dom-client.development.js:9513:7)
      at setRoot (components/issues/issue-detail-panel.tsx:857:23)

    console.error
      An update to OpenInProIde inside a test was not wrapped in act(...).
      
      When testing, code that causes React state updates should be wrapped into act(...):
      
      act(() => {
        /* fire events that update state */
      });
      /* assert on the output */
      
      This ensures that you're testing the behavior the user would see in the browser. Learn more at https://react.dev/link/wrap-tests-with-act

      855 |     let cancelled = false
      856 |     void import("@/lib/codeserver/pane-manager").then(({ getActiveProIdeRoot }) => {
    > 857 |       if (!cancelled) setRoot(getActiveProIdeRoot())
          |                       ^
      858 |     })
      859 |     return () => {
      860 |       cancelled = true

      at node_modules/.pnpm/react-dom@19.3.0_react@19.3.0/node_modules/react-dom/cjs/react-dom-client.development.js:20466:19
      at runWithFiberInDEV (node_modules/.pnpm/react-dom@19.3.0_react@19.3.0/node_modules/react-dom/cjs/react-dom-client.development.js:1048:13)
      at warnIfUpdatesNotWrappedWithActDEV (node_modules/.pnpm/react-dom@19.3.0_react@19.3.0/node_modules/react-dom/cjs/react-dom-client.development.js:20465:9)
      at scheduleUpdateOnFiber (node_modules/.pnpm/react-dom@19.3.0_react@19.3.0/node_modules/react-dom/cjs/react-dom-client.development.js:17920:11)
      at dispatchSetStateInternal (node_modules/.pnpm/react-dom@19.3.0_react@19.3.0/node_modules/react-dom/cjs/react-dom-client.development.js:9556:13)
      at dispatchSetState (node_modules/.pnpm/react-dom@19.3.0_react@19.3.0/node_modules/react-dom/cjs/react-dom-client.development.js:9513:7)
      at setRoot (components/issues/issue-detail-panel.tsx:857:23)

PASS jsdom components/issues/cycles/cycle-editor-list.test.tsx
PASS jsdom components/issues/run-issue-dialog.test.tsx
PASS jsdom components/issues/projects/create-project-dialog.test.tsx
PASS node lib/issues/sources/collab-source.test.ts
PASS node lib/issues/sync/apply.test.ts
PASS jsdom components/issues/project-resource-dialog.test.tsx
PASS node lib/issues/sync/describe.test.ts
PASS jsdom components/issues/rail/issue-rail-section.test.tsx
PASS node lib/issues/run/agent-team-adapter.test.ts
PASS node lib/issues/run/registry.test.ts
PASS node lib/issues/sources/agent-task-source.test.ts
PASS node lib/issues/wakeups/service.test.ts
PASS jsdom components/issues/issue-console.test.tsx
PASS jsdom components/issues/issue-context-menu.test.tsx
PASS node lib/issues/wakeups/executor.test.ts
PASS node lib/issues/sync/engine.test.ts
PASS node lib/issues/wakeups/gate.test.ts
PASS node lib/issues/run/github-loop-adapter.test.ts
PASS node lib/issues/sources/github-source.test.ts
PASS jsdom components/issues/rail/manage-cycles-dialog.test.tsx
PASS jsdom components/providers/initializers/issue-tracker-initializer.test.tsx
PASS node lib/issues/im/callback-handler.test.ts
PASS node lib/issues/import/apply.test.ts
PASS jsdom components/issues/runs/issue-run-strip.test.tsx
PASS jsdom components/issues/collab-conflicts-panel.test.tsx
PASS jsdom components/issues/planning/issue-picker.test.tsx
PASS node lib/issues/sync/runner.test.ts
PASS node lib/issues/sync/conflicts.test.ts
PASS node lib/issues/im/push.test.ts
PASS jsdom components/issues/filter-bar/issue-filter-bar.test.tsx
PASS jsdom components/issues/github-writeback-dialog.test.tsx
PASS jsdom components/issues/issue-comment-composer.test.tsx
PASS jsdom components/issues/planning/issue-planning-section.test.tsx
PASS jsdom components/issues/projects/project-inspector.test.tsx
PASS node lib/issues/im/propose.test.ts
PASS jsdom components/issues/list/issue-list.test.tsx
PASS jsdom components/issues/projects/project-console.test.tsx
PASS node lib/issues/sources/agent-team-source.test.ts
PASS jsdom components/issues/runs/issue-run-steer.test.tsx
PASS jsdom components/issues/board/issue-board.test.tsx
PASS jsdom components/issues/list/issue-bulk-toolbar.test.tsx
PASS jsdom components/issues/rail/manage-labels-dialog.test.tsx
PASS node lib/issues/run/running.test.ts
PASS node lib/issues/sources/local-source.test.ts
PASS jsdom components/issues/issue-glyphs.test.tsx
(node:48947) ExperimentalWarning: localStorage is not available because --localstorage-file was not provided.
(Use `node --trace-warnings ...` to show where the warning was created)
PASS node lib/issues/boot.test.ts
PASS jsdom components/issues/rail/issue-rail.test.tsx
PASS jsdom components/issues/rail/issue-rail-row.test.tsx
PASS jsdom components/issues/deliverables/issue-deliverables-section.test.tsx
PASS jsdom components/issues/editors/menu-entry-presentation.test.tsx
PASS jsdom components/issues/projects/project-identity-fields.test.tsx
PASS jsdom components/issues/wakeups/wakeup-create-dialog.test.tsx
PASS jsdom components/issues/sync-conflicts-panel.test.tsx
  ● Console

    console.error
      An update to SyncConflictsPanel inside a test was not wrapped in act(...).
      
      When testing, code that causes React state updates should be wrapped into act(...):
      
      act(() => {
        /* fire events that update state */
      });
      /* assert on the output */
      
      This ensures that you're testing the behavior the user would see in the browser. Learn more at https://react.dev/link/wrap-tests-with-act

      at node_modules/.pnpm/react-dom@19.3.0_react@19.3.0/node_modules/react-dom/cjs/react-dom-client.development.js:20466:19
      at runWithFiberInDEV (node_modules/.pnpm/react-dom@19.3.0_react@19.3.0/node_modules/react-dom/cjs/react-dom-client.development.js:1048:13)
      at warnIfUpdatesNotWrappedWithActDEV (node_modules/.pnpm/react-dom@19.3.0_react@19.3.0/node_modules/react-dom/cjs/react-dom-client.development.js:20465:9)
      at scheduleUpdateOnFiber (node_modules/.pnpm/react-dom@19.3.0_react@19.3.0/node_modules/react-dom/cjs/react-dom-client.development.js:17920:11)
      at dispatchSetStateInternal (node_modules/.pnpm/react-dom@19.3.0_react@19.3.0/node_modules/react-dom/cjs/react-dom-client.development.js:9556:13)
      at dispatchSetState (node_modules/.pnpm/react-dom@19.3.0_react@19.3.0/node_modules/react-dom/cjs/react-dom-client.development.js:9513:7)

PASS jsdom components/issues/link-github-issue-dialog.test.tsx
PASS jsdom components/issues/board/wakeup-cue-chip.test.tsx
PASS jsdom components/issues/board/issue-collapsed-rail.test.tsx
PASS jsdom components/issues/collab-refresh-stale-badge.test.tsx
PASS jsdom components/issues/wakeups/issue-wakeups-section.test.tsx
PASS jsdom components/issues/cycles/cycle-console.test.tsx
PASS jsdom components/issues/editors/issue-text-editor.test.tsx
PASS node lib/issues/run/agent-task-adapter.test.ts
PASS jsdom components/issues/github-comments-section.test.tsx
PASS jsdom components/issues/filter-bar/active-filter-chips.test.tsx
PASS jsdom components/issues/projects/delete-project-dialog.test.tsx
PASS jsdom components/issues/assignee-picker.test.tsx
PASS jsdom components/issues/deliverables/issue-run-artifact-link.test.tsx
PASS jsdom hooks/issues/use-assignee-options.test.ts
PASS jsdom components/issues/board/issue-card.test.tsx
PASS jsdom components/issues/editors/issue-property-menu.test.tsx
PASS jsdom components/issues/publish-issue-dialog.test.tsx
PASS jsdom components/issues/planning/planning-badges.test.tsx
PASS jsdom components/issues/board/squad-run-chip.test.tsx
PASS jsdom components/issues/list/issue-row.test.tsx
PASS jsdom components/issues/delete-issue-dialog.test.tsx
PASS jsdom components/issues/tracker-tabs.test.tsx
PASS jsdom components/issues/projects/project-table.test.tsx
PASS jsdom components/issues/board/dnd-announcements.test.ts
PASS node lib/issues/sync/providers/github.test.ts
PASS jsdom components/issues/triage/issue-triage-row.test.tsx
PASS node lib/issues/ai-issue-assist.test.ts
PASS node lib/issues/menu-model.test.ts
PASS node lib/issues/github-comments.test.ts
PASS node lib/issues/github-sync.test.ts
PASS node lib/issues/github-writeback.test.ts
PASS node lib/issues/wakeups/model.test.ts
PASS node lib/issues/sync/providers/lark-bitable.test.ts
PASS node lib/issues/sync/providers/lark-task.test.ts
PASS node lib/issues/wakeups/bridge.test.ts
PASS node lib/github/issues.test.ts
PASS node lib/issues/service.test.ts
PASS node lib/issues/import/parse.test.ts
PASS node lib/issues/remote-write.test.ts
PASS node lib/issues/sync-runner.test.ts
PASS node lib/issues/bulk-actions.test.ts
PASS node lib/issues/board-model.test.ts
PASS node lib/issues/github-event-refresh.test.ts
PASS node lib/issues/pull-requests.test.ts
PASS node lib/issues/publish.test.ts
PASS node lib/issues/views.test.ts
PASS node lib/issues/source-label-catalogue.test.ts
PASS node lib/issues/work-item-link.test.ts
PASS node lib/issues/state-machine.test.ts
PASS node lib/issues/editor-links.test.ts
PASS node lib/issues/im/card.test.ts
PASS node lib/headless/runtimes/issue-tracker.test.ts
PASS node lib/issues/identifier.test.ts
PASS node lib/issues/sync/providers/lark-api.test.ts
PASS node lib/issues/filter-chips.test.ts
PASS node lib/issues/board-autoscroll.test.ts
PASS node lib/issues/sync/registry.test.ts
PASS node lib/issues/project-progress.test.ts
PASS node lib/issues/planning-hints.test.ts
PASS node lib/issues/github-label-display.test.ts
PASS node lib/issues/github-sync-schedule.test.ts
PASS node lib/issues/sources/registry.test.ts
PASS node lib/issues/run/types.test.ts
PASS node lib/issues/shortcuts.test.ts
PASS node lib/issues/selection.test.ts
PASS node lib/issues/board-keyboard.test.ts
PASS node lib/issues/sources/agent-status-map.test.ts
PASS node lib/issues/relations.test.ts
PASS node lib/issues/deliverables.test.ts
PASS node lib/issues/activity-values.test.ts
PASS node lib/issues/sync/types.test.ts
PASS node lib/issues/sync/field-clock.test.ts
PASS node lib/issues/hrefs.test.ts
PASS node lib/issues/activity-feed.test.ts
PASS node lib/issues/sync/bindings.test.ts
PASS node lib/issues/event-bus.test.ts

Test Suites: 137 passed, 137 total
Tests:       1681 passed, 1681 total
Snapshots:   0 total
Time:        47.144 s, estimated 92 s
Ran all test suites matching ^(lib/issues/|lib/github/issues.test|components/issues/|hooks/issues/|components/providers/initializers/issue-tracker-initializer.test|lib/headless/runtimes/issue-tracker.test) in 2 projects.
Test results written to: ../../../../tmp/cognia-repository-audit-2026-10-01/issues-jest.json
